
> frontend@0.0.0 test
> vitest


 DEV  v2.1.9 C:/Users/PabloSuperviaPages/Desktop/Uni/es/OneDayOneTrip/frontend

 Ô£ô src/__tests__/Comments.test.tsx (2 tests) 419ms
   Ô£ô Comments component > env├¡a un comentario y limpia el textarea 314ms
node.exe : stderr | src/__tests__/UserProfilePublic.test.tsx > UserProfilePublic page > muestra error cuando usuario 
no existe
En C:\Program Files\nodejs\npm.ps1: 29 Carácter: 3
+   & $NODE_EXE $NPM_CLI_JS $args
+   ~~~~~~~~~~~~~~~~~~~~~~~~~~~~~
    + CategoryInfo          : NotSpecified: (stderr | src/__...uario no existe:String) [], RemoteException
    + FullyQualifiedErrorId : NativeCommandError
 
Error: User not found
    at 
C:\Users\PabloSuperviaPages\Desktop\Uni\es\OneDayOneTrip\frontend\src\__tests__\UserProfilePublic.test.tsx:167:39
    at file:///C:/Users/PabloSuperviaPages/Desktop/Uni/es/OneDayOneTrip/frontend/node_modules/@vitest/runner/dist/index
.js:146:14
    at file:///C:/Users/PabloSuperviaPages/Desktop/Uni/es/OneDayOneTrip/frontend/node_modules/@vitest/runner/dist/index
.js:533:11
    at runWithTimeout (file:///C:/Users/PabloSuperviaPages/Desktop/Uni/es/OneDayOneTrip/frontend/node_modules/@vitest/r
unner/dist/index.js:39:7)
    at runTest (file:///C:/Users/PabloSuperviaPages/Desktop/Uni/es/OneDayOneTrip/frontend/node_modules/@vitest/runner/d
ist/index.js:1056:17)
    at processTicksAndRejections (node:internal/process/task_queues:105:5)
    at runSuite (file:///C:/Users/PabloSuperviaPages/Desktop/Uni/es/OneDayOneTrip/frontend/node_modules/@vitest/runner/
dist/index.js:1205:15)
    at runSuite (file:///C:/Users/PabloSuperviaPages/Desktop/Uni/es/OneDayOneTrip/frontend/node_modules/@vitest/runner/
dist/index.js:1205:15)
    at runFiles (file:///C:/Users/PabloSuperviaPages/Desktop/Uni/es/OneDayOneTrip/frontend/node_modules/@vitest/runner/
dist/index.js:1262:5)
    at startTests (file:///C:/Users/PabloSuperviaPages/Desktop/Uni/es/OneDayOneTrip/frontend/node_modules/@vitest/runne
r/dist/index.js:1271:3)

stderr | src/__tests__/UserProfile.test.tsx > UserProfile page > muestra error cuando no se puede cargar perfil
Error carregant perfil: Error: Network error
    at C:\Users\PabloSuperviaPages\Desktop\Uni\es\OneDayOneTrip\frontend\src\__tests__\UserProfile.test.tsx:189:39
    at file:///C:/Users/PabloSuperviaPages/Desktop/Uni/es/OneDayOneTrip/frontend/node_modules/@vitest/runner/dist/index
.js:146:14
    at file:///C:/Users/PabloSuperviaPages/Desktop/Uni/es/OneDayOneTrip/frontend/node_modules/@vitest/runner/dist/index
.js:533:11
    at runWithTimeout (file:///C:/Users/PabloSuperviaPages/Desktop/Uni/es/OneDayOneTrip/frontend/node_modules/@vitest/r
unner/dist/index.js:39:7)
    at runTest (file:///C:/Users/PabloSuperviaPages/Desktop/Uni/es/OneDayOneTrip/frontend/node_modules/@vitest/runner/d
ist/index.js:1056:17)
    at processTicksAndRejections (node:internal/process/task_queues:105:5)
    at runSuite (file:///C:/Users/PabloSuperviaPages/Desktop/Uni/es/OneDayOneTrip/frontend/node_modules/@vitest/runner/
dist/index.js:1205:15)
    at runSuite (file:///C:/Users/PabloSuperviaPages/Desktop/Uni/es/OneDayOneTrip/frontend/node_modules/@vitest/runner/
dist/index.js:1205:15)
    at runFiles (file:///C:/Users/PabloSuperviaPages/Desktop/Uni/es/OneDayOneTrip/frontend/node_modules/@vitest/runner/
dist/index.js:1262:5)
    at startTests (file:///C:/Users/PabloSuperviaPages/Desktop/Uni/es/OneDayOneTrip/frontend/node_modules/@vitest/runne
r/dist/index.js:1271:3)

stderr | src/__tests__/UserProfilePublic.test.tsx > UserProfilePublic page > maneja errores de API correctamente
Error: Network error
    at 
C:\Users\PabloSuperviaPages\Desktop\Uni\es\OneDayOneTrip\frontend\src\__tests__\UserProfilePublic.test.tsx:420:39
    at file:///C:/Users/PabloSuperviaPages/Desktop/Uni/es/OneDayOneTrip/frontend/node_modules/@vitest/runner/dist/index
.js:146:14
    at file:///C:/Users/PabloSuperviaPages/Desktop/Uni/es/OneDayOneTrip/frontend/node_modules/@vitest/runner/dist/index
.js:533:11
    at runWithTimeout (file:///C:/Users/PabloSuperviaPages/Desktop/Uni/es/OneDayOneTrip/frontend/node_modules/@vitest/r
unner/dist/index.js:39:7)
    at runTest (file:///C:/Users/PabloSuperviaPages/Desktop/Uni/es/OneDayOneTrip/frontend/node_modules/@vitest/runner/d
ist/index.js:1056:17)
    at runSuite (file:///C:/Users/PabloSuperviaPages/Desktop/Uni/es/OneDayOneTrip/frontend/node_modules/@vitest/runner/
dist/index.js:1205:15)
    at runSuite (file:///C:/Users/PabloSuperviaPages/Desktop/Uni/es/OneDayOneTrip/frontend/node_modules/@vitest/runner/
dist/index.js:1205:15)
    at runFiles (file:///C:/Users/PabloSuperviaPages/Desktop/Uni/es/OneDayOneTrip/frontend/node_modules/@vitest/runner/
dist/index.js:1262:5)
    at startTests (file:///C:/Users/PabloSuperviaPages/Desktop/Uni/es/OneDayOneTrip/frontend/node_modules/@vitest/runne
r/dist/index.js:1271:3)
    at file:///C:/Users/PabloSuperviaPages/Desktop/Uni/es/OneDayOneTrip/frontend/node_modules/vitest/dist/chunks/runBas
eTests.3qpJUEJM.js:126:11

 ÔØ» src/__tests__/UserProfilePublic.test.tsx (13 tests | 10 failed) 2341ms
   ├ù UserProfilePublic page > renderiza loading inicial 7ms
     ÔåÆ act is not defined
   ├ù UserProfilePublic page > carga y muestra perfil p├║blico por ID 1ms
     ÔåÆ act is not defined
   ├ù UserProfilePublic page > muestra informaci├│n del usuario 1015ms
     ÔåÆ Unable to find an element with the text: publicuser. This could be because the text is broken up by multiple elements. In this case, you can provide a function for your text matcher to make your matcher more flexible.

Ignored nodes: comments, script, style
[36m<body>[39m
  [36m<div>[39m
    [36m<div[39m
      [33mdata-testid[39m=[32m"layout"[39m
    [36m>[39m
      [36m<div[39m
        [33mclass[39m=[32m"user-profile"[39m
      [36m>[39m
        [36m<div[39m
          [33mclass[39m=[32m"user-photo"[39m
        [36m>[39m
          [36m<img[39m
            [33malt[39m=[32m"Foto de perfil"[39m
            [33msrc[39m=[32m"https://example.com/photo.jpg"[39m
          [36m/>[39m
        [36m</div>[39m
        [36m<div[39m
          [33mclass[39m=[32m"user-details"[39m
        [36m>[39m
          [36m<div[39m
            [33mclass[39m=[32m"user-info"[39m
          [36m>[39m
            [36m<h2>[39m
              [0mPublic User[0m
            [36m</h2>[39m
          [36m</div>[39m
          [36m<div[39m
            [33mclass[39m=[32m"user-stats"[39m
          [36m>[39m
            [36m<div[39m
              [33mclass[39m=[32m"stat"[39m
            [36m>[39m
              [36m<span[39m
                [33mclass[39m=[32m"number"[39m
              [36m>[39m
                [0m2[0m
              [36m</span>[39m
              [36m<span[39m
                [33mclass[39m=[32m"label"[39m
              [36m>[39m
                [0mSeguidors[0m
              [36m</span>[39m
            [36m</div>[39m
            [36m<div[39m
              [33mclass[39m=[32m"stat"[39m
            [36m>[39m
              [36m<span[39m
                [33mclass[39m=[32m"number"[39m
              [36m>[39m
                [0m1[0m
              [36m</span>[39m
              [36m<span[39m
                [33mclass[39m=[32m"label"[39m
              [36m>[39m
                [0mSeguits[0m
              [36m</span>[39m
            [36m</div>[39m
            [36m<div[39m
              [33mclass[39m=[32m"stat"[39m
            [36m>[39m
              [36m<span[39m
                [33mclass[39m=[32m"number"[39m
              [36m>[39m
                [0m2[0m
              [36m</span>[39m
              [36m<span[39m
                [33mclass[39m=[32m"label"[39m
              [36m>[39m
                [0mPublicacions[0m
              [36m</span>[39m
            [36m</div>[39m
          [36m</div>[39m
        [36m</div>[39m
      [36m</div>[39m
      [36m<div[39m
        [33mclass[39m=[32m"tabs-container1"[39m
      [36m>[39m
        [36m<h2[39m
          [33mclass[39m=[32m"tab-title"[39m
        [36m>[39m
          [0mRutes Publicades[0m
        [36m</h2>[39m
      [36m</div>[39m
      [36m<section[39m
        [33mclass[39m=[32m"trip-list"[39m
      [36m>[39m
        [36m<div[39m
          [33mdata-testid[39m=[32m"masonry-grid"[39m
        [36m>[39m
          [0m2[0m
          [0m items[0m
        [36m</div>[39m
      [36m</section>[39m
    [36m</div>[39m
  [36m</div>[39m
[36m</body>[39m

Ignored nodes: comments, script, style
[36m<html>[39m
  [36m<head />[39m
  [36m<body>[39m
    [36m<div>[39m
      [36m<div[39m
        [33mdata-testid[39m=[32m"layout"[39m
      [36m>[39m
        [36m<div[39m
          [33mclass[39m=[32m"user-profile"[39m
        [36m>[39m
          [36m<div[39m
            [33mclass[39m=[32m"user-photo"[39m
          [36m>[39m
            [36m<img[39m
              [33malt[39m=[32m"Foto de perfil"[39m
              [33msrc[39m=[32m"https://example.com/photo.jpg"[39m
            [36m/>[39m
          [36m</div>[39m
          [36m<div[39m
            [33mclass[39m=[32m"user-details"[39m
          [36m>[39m
            [36m<div[39m
              [33mclass[39m=[32m"user-info"[39m
            [36m>[39m
              [36m<h2>[39m
                [0mPublic User[0m
              [36m</h2>[39m
            [36m</div>[39m
            [36m<div[39m
              [33mclass[39m=[32m"user-stats"[39m
            [36m>[39m
              [36m<div[39m
                [33mclass[39m=[32m"stat"[39m
              [36m>[39m
                [36m<span[39m
                  [33mclass[39m=[32m"number"[39m
                [36m>[39m
                  [0m2[0m
                [36m</span>[39m
                [36m<span[39m
                  [33mclass[39m=[32m"label"[39m
                [36m>[39m
                  [0mSeguidors[0m
                [36m</span>[39m
              [36m</div>[39m
              [36m<div[39m
                [33mclass[39m=[32m"stat"[39m
              [36m>[39m
                [36m<span[39m
                  [33mclass[39m=[32m"number"[39m
                [36m>[39m
                  [0m1[0m
                [36m</span>[39m
                [36m<span[39m
                  [33mclass[39m=[32m"label"[39m
                [36m>[39m
                  [0mSeguits[0m
                [36m</span>[39m
              [36m</div>[39m
              [36m<div[39m
                [33mclass[39m=[32m"stat"[39m
              [36m>[39m
                [36m<span[39m
                  [33mclass[39m=[32m"number"[39m
                [36m>[39m
                  [0m2[0m
                [36m</span>[39m
                [36m<span[39m
                  [33mclass[39m=[32m"label"[39m
                [36m>[39m
                  [0mPublicacions[0m
                [36m</span>[39m
              [36m</div>[39m
            [36m</div>[39m
          [36m</div>[39m
        [36m</div>[39m
        [36m<div[39m
          [33mclass[39m=[32m"tabs-container1"[39m
        [36m>[39m
          [36m<h2[39m
            [33mclass[39m=[32m"tab-title"[39m
          [36m>[39m
            [0mRutes Publicades[0m
          [36m</h2>[39m
        [36m</div>[39m
        [36m<section[39m
          [33mclass[39m=[32m"trip-list"[39m
        [36m>[39m
          [36m<div[39m
            [33mdata-testid[39m=[32m"masonry-grid"[39m
          [36m>[39m
            [0m2[0m
            [0m items[0m
          [36m</div>[39m
        [36m</section>[39m
      [36m</div>[39m
    [36m</div>[39m
  [36m</body>[39m
[36m</html>[39m...
   ├ù UserProfilePublic page > muestra contadores 1019ms
     ÔåÆ Unable to find an element with the text: /20|15|3/i. This could be because the text is broken up by multiple elements. In this case, you can provide a function for your text matcher to make your matcher more flexible.

Ignored nodes: comments, script, style
[36m<body>[39m
  [36m<div>[39m
    [36m<div[39m
      [33mdata-testid[39m=[32m"layout"[39m
    [36m>[39m
      [36m<div[39m
        [33mclass[39m=[32m"user-profile"[39m
      [36m>[39m
        [36m<div[39m
          [33mclass[39m=[32m"user-photo"[39m
        [36m>[39m
          [36m<img[39m
            [33malt[39m=[32m"Foto de perfil"[39m
            [33msrc[39m=[32m"https://example.com/photo.jpg"[39m
          [36m/>[39m
        [36m</div>[39m
        [36m<div[39m
          [33mclass[39m=[32m"user-details"[39m
        [36m>[39m
          [36m<div[39m
            [33mclass[39m=[32m"user-info"[39m
          [36m>[39m
            [36m<h2>[39m
              [0mPublic User[0m
            [36m</h2>[39m
          [36m</div>[39m
          [36m<div[39m
            [33mclass[39m=[32m"user-stats"[39m
          [36m>[39m
            [36m<div[39m
              [33mclass[39m=[32m"stat"[39m
            [36m>[39m
              [36m<span[39m
                [33mclass[39m=[32m"number"[39m
              [36m>[39m
                [0m2[0m
              [36m</span>[39m
              [36m<span[39m
                [33mclass[39m=[32m"label"[39m
              [36m>[39m
                [0mSeguidors[0m
              [36m</span>[39m
            [36m</div>[39m
            [36m<div[39m
              [33mclass[39m=[32m"stat"[39m
            [36m>[39m
              [36m<span[39m
                [33mclass[39m=[32m"number"[39m
              [36m>[39m
                [0m1[0m
              [36m</span>[39m
              [36m<span[39m
                [33mclass[39m=[32m"label"[39m
              [36m>[39m
                [0mSeguits[0m
              [36m</span>[39m
            [36m</div>[39m
            [36m<div[39m
              [33mclass[39m=[32m"stat"[39m
            [36m>[39m
              [36m<span[39m
                [33mclass[39m=[32m"number"[39m
              [36m>[39m
                [0m2[0m
              [36m</span>[39m
              [36m<span[39m
                [33mclass[39m=[32m"label"[39m
              [36m>[39m
                [0mPublicacions[0m
              [36m</span>[39m
            [36m</div>[39m
          [36m</div>[39m
        [36m</div>[39m
      [36m</div>[39m
      [36m<div[39m
        [33mclass[39m=[32m"tabs-container1"[39m
      [36m>[39m
        [36m<h2[39m
          [33mclass[39m=[32m"tab-title"[39m
        [36m>[39m
          [0mRutes Publicades[0m
        [36m</h2>[39m
      [36m</div>[39m
      [36m<section[39m
        [33mclass[39m=[32m"trip-list"[39m
      [36m>[39m
        [36m<div[39m
          [33mdata-testid[39m=[32m"masonry-grid"[39m
        [36m>[39m
          [0m2[0m
          [0m items[0m
        [36m</div>[39m
      [36m</section>[39m
    [36m</div>[39m
  [36m</div>[39m
[36m</body>[39m

Ignored nodes: comments, script, style
[36m<html>[39m
  [36m<head />[39m
  [36m<body>[39m
    [36m<div>[39m
      [36m<div[39m
        [33mdata-testid[39m=[32m"layout"[39m
      [36m>[39m
        [36m<div[39m
          [33mclass[39m=[32m"user-profile"[39m
        [36m>[39m
          [36m<div[39m
            [33mclass[39m=[32m"user-photo"[39m
          [36m>[39m
            [36m<img[39m
              [33malt[39m=[32m"Foto de perfil"[39m
              [33msrc[39m=[32m"https://example.com/photo.jpg"[39m
            [36m/>[39m
          [36m</div>[39m
          [36m<div[39m
            [33mclass[39m=[32m"user-details"[39m
          [36m>[39m
            [36m<div[39m
              [33mclass[39m=[32m"user-info"[39m
            [36m>[39m
              [36m<h2>[39m
                [0mPublic User[0m
              [36m</h2>[39m
            [36m</div>[39m
            [36m<div[39m
              [33mclass[39m=[32m"user-stats"[39m
            [36m>[39m
              [36m<div[39m
                [33mclass[39m=[32m"stat"[39m
              [36m>[39m
                [36m<span[39m
                  [33mclass[39m=[32m"number"[39m
                [36m>[39m
                  [0m2[0m
                [36m</span>[39m
                [36m<span[39m
                  [33mclass[39m=[32m"label"[39m
                [36m>[39m
                  [0mSeguidors[0m
                [36m</span>[39m
              [36m</div>[39m
              [36m<div[39m
                [33mclass[39m=[32m"stat"[39m
              [36m>[39m
                [36m<span[39m
                  [33mclass[39m=[32m"number"[39m
                [36m>[39m
                  [0m1[0m
                [36m</span>[39m
                [36m<span[39m
                  [33mclass[39m=[32m"label"[39m
                [36m>[39m
                  [0mSeguits[0m
                [36m</span>[39m
              [36m</div>[39m
              [36m<div[39m
                [33mclass[39m=[32m"stat"[39m
              [36m>[39m
                [36m<span[39m
                  [33mclass[39m=[32m"number"[39m
                [36m>[39m
                  [0m2[0m
                [36m</span>[39m
                [36m<span[39m
                  [33mclass[39m=[32m"label"[39m
                [36m>[39m
                  [0mPublicacions[0m
                [36m</span>[39m
              [36m</div>[39m
            [36m</div>[39m
          [36m</div>[39m
        [36m</div>[39m
        [36m<div[39m
          [33mclass[39m=[32m"tabs-container1"[39m
        [36m>[39m
          [36m<h2[39m
            [33mclass[39m=[32m"tab-title"[39m
          [36m>[39m
            [0mRutes Publicades[0m
          [36m</h2>[39m
        [36m</div>[39m
        [36m<section[39m
          [33mclass[39m=[32m"trip-list"[39m
        [36m>[39m
          [36m<div[39m
            [33mdata-testid[39m=[32m"masonry-grid"[39m
          [36m>[39m
            [0m2[0m
            [0m items[0m
          [36m</div>[39m
        [36m</section>[39m
      [36m</div>[39m
    [36m</div>[39m
  [36m</body>[39m
[36m</html>[39m...
   ├ù UserProfilePublic page > abre modal de lista de seguidos 88ms
     ÔåÆ Unable to find an accessible element with the role "button"

Here are the accessible roles:

  img:

  Name "Foto de perfil":
  [36m<img[39m
    [33malt[39m=[32m"Foto de perfil"[39m
    [33msrc[39m=[32m"https://example.com/photo.jpg"[39m
  [36m/>[39m

  --------------------------------------------------
  heading:

  Name "Public User":
  [36m<h2 />[39m

  Name "Rutes Publicades":
  [36m<h2[39m
    [33mclass[39m=[32m"tab-title"[39m
  [36m/>[39m

  --------------------------------------------------

Ignored nodes: comments, script, style
[36m<body>[39m
  [36m<div>[39m
    [36m<div[39m
      [33mdata-testid[39m=[32m"layout"[39m
    [36m>[39m
      [36m<div[39m
        [33mclass[39m=[32m"user-profile"[39m
      [36m>[39m
        [36m<div[39m
          [33mclass[39m=[32m"user-photo"[39m
        [36m>[39m
          [36m<img[39m
            [33malt[39m=[32m"Foto de perfil"[39m
            [33msrc[39m=[32m"https://example.com/photo.jpg"[39m
          [36m/>[39m
        [36m</div>[39m
        [36m<div[39m
          [33mclass[39m=[32m"user-details"[39m
        [36m>[39m
          [36m<div[39m
            [33mclass[39m=[32m"user-info"[39m
          [36m>[39m
            [36m<h2>[39m
              [0mPublic User[0m
            [36m</h2>[39m
          [36m</div>[39m
          [36m<div[39m
            [33mclass[39m=[32m"user-stats"[39m
          [36m>[39m
            [36m<div[39m
              [33mclass[39m=[32m"stat"[39m
            [36m>[39m
              [36m<span[39m
                [33mclass[39m=[32m"number"[39m
              [36m>[39m
                [0m2[0m
              [36m</span>[39m
              [36m<span[39m
                [33mclass[39m=[32m"label"[39m
              [36m>[39m
                [0mSeguidors[0m
              [36m</span>[39m
            [36m</div>[39m
            [36m<div[39m
              [33mclass[39m=[32m"stat"[39m
            [36m>[39m
              [36m<span[39m
                [33mclass[39m=[32m"number"[39m
              [36m>[39m
                [0m1[0m
              [36m</span>[39m
              [36m<span[39m
                [33mclass[39m=[32m"label"[39m
              [36m>[39m
                [0mSeguits[0m
              [36m</span>[39m
            [36m</div>[39m
            [36m<div[39m
              [33mclass[39m=[32m"stat"[39m
            [36m>[39m
              [36m<span[39m
                [33mclass[39m=[32m"number"[39m
              [36m>[39m
                [0m2[0m
              [36m</span>[39m
              [36m<span[39m
                [33mclass[39m=[32m"label"[39m
              [36m>[39m
                [0mPublicacions[0m
              [36m</span>[39m
            [36m</div>[39m
          [36m</div>[39m
        [36m</div>[39m
      [36m</div>[39m
      [36m<div[39m
        [33mclass[39m=[32m"tabs-container1"[39m
      [36m>[39m
        [36m<h2[39m
          [33mclass[39m=[32m"tab-title"[39m
        [36m>[39m
          [0mRutes Publicades[0m
        [36m</h2>[39m
      [36m</div>[39m
      [36m<section[39m
        [33mclass[39m=[32m"trip-list"[39m
      [36m>[39m
        [36m<div[39m
          [33mdata-testid[39m=[32m"masonry-grid"[39m
        [36m>[39m
          [0m2[0m
          [0m items[0m
        [36m</div>[39m
      [36m</section>[39m
    [36m</div>[39m
  [36m</div>[39m
[36m</body>[39m
   ├ù UserProfilePublic page > abre modal de lista de seguidores 31ms
     ÔåÆ Unable to find an accessible element with the role "button"

Here are the accessible roles:

  img:

  Name "Foto de perfil":
  [36m<img[39m
    [33malt[39m=[32m"Foto de perfil"[39m
    [33msrc[39m=[32m"https://example.com/photo.jpg"[39m
  [36m/>[39m

  --------------------------------------------------
  heading:

  Name "Public User":
  [36m<h2 />[39m

  Name "Rutes Publicades":
  [36m<h2[39m
    [33mclass[39m=[32m"tab-title"[39m
  [36m/>[39m

  --------------------------------------------------

Ignored nodes: comments, script, style
[36m<body>[39m
  [36m<div>[39m
    [36m<div[39m
      [33mdata-testid[39m=[32m"layout"[39m
    [36m>[39m
      [36m<div[39m
        [33mclass[39m=[32m"user-profile"[39m
      [36m>[39m
        [36m<div[39m
          [33mclass[39m=[32m"user-photo"[39m
        [36m>[39m
          [36m<img[39m
            [33malt[39m=[32m"Foto de perfil"[39m
            [33msrc[39m=[32m"https://example.com/photo.jpg"[39m
          [36m/>[39m
        [36m</div>[39m
        [36m<div[39m
          [33mclass[39m=[32m"user-details"[39m
        [36m>[39m
          [36m<div[39m
            [33mclass[39m=[32m"user-info"[39m
          [36m>[39m
            [36m<h2>[39m
              [0mPublic User[0m
            [36m</h2>[39m
          [36m</div>[39m
          [36m<div[39m
            [33mclass[39m=[32m"user-stats"[39m
          [36m>[39m
            [36m<div[39m
              [33mclass[39m=[32m"stat"[39m
            [36m>[39m
              [36m<span[39m
                [33mclass[39m=[32m"number"[39m
              [36m>[39m
                [0m2[0m
              [36m</span>[39m
              [36m<span[39m
                [33mclass[39m=[32m"label"[39m
              [36m>[39m
                [0mSeguidors[0m
              [36m</span>[39m
            [36m</div>[39m
            [36m<div[39m
              [33mclass[39m=[32m"stat"[39m
            [36m>[39m
              [36m<span[39m
                [33mclass[39m=[32m"number"[39m
              [36m>[39m
                [0m1[0m
              [36m</span>[39m
              [36m<span[39m
                [33mclass[39m=[32m"label"[39m
              [36m>[39m
                [0mSeguits[0m
              [36m</span>[39m
            [36m</div>[39m
            [36m<div[39m
              [33mclass[39m=[32m"stat"[39m
            [36m>[39m
              [36m<span[39m
                [33mclass[39m=[32m"number"[39m
              [36m>[39m
                [0m2[0m
              [36m</span>[39m
              [36m<span[39m
                [33mclass[39m=[32m"label"[39m
              [36m>[39m
                [0mPublicacions[0m
              [36m</span>[39m
            [36m</div>[39m
          [36m</div>[39m
        [36m</div>[39m
      [36m</div>[39m
      [36m<div[39m
        [33mclass[39m=[32m"tabs-container1"[39m
      [36m>[39m
        [36m<h2[39m
          [33mclass[39m=[32m"tab-title"[39m
        [36m>[39m
          [0mRutes Publicades[0m
        [36m</h2>[39m
      [36m</div>[39m
      [36m<section[39m
        [33mclass[39m=[32m"trip-list"[39m
      [36m>[39m
        [36m<div[39m
          [33mdata-testid[39m=[32m"masonry-grid"[39m
        [36m>[39m
          [0m2[0m
          [0m items[0m
        [36m</div>[39m
      [36m</section>[39m
    [36m</div>[39m
  [36m</div>[39m
[36m</body>[39m
   ├ù UserProfilePublic page > muestra bot├│n seguir si no est├í siguiendo 27ms
     ÔåÆ Unable to find an accessible element with the role "button"

Here are the accessible roles:

  img:

  Name "Foto de perfil":
  [36m<img[39m
    [33malt[39m=[32m"Foto de perfil"[39m
    [33msrc[39m=[32m"https://example.com/photo.jpg"[39m
  [36m/>[39m

  --------------------------------------------------
  heading:

  Name "Public User":
  [36m<h2 />[39m

  Name "Rutes Publicades":
  [36m<h2[39m
    [33mclass[39m=[32m"tab-title"[39m
  [36m/>[39m

  --------------------------------------------------

Ignored nodes: comments, script, style
[36m<body>[39m
  [36m<div>[39m
    [36m<div[39m
      [33mdata-testid[39m=[32m"layout"[39m
    [36m>[39m
      [36m<div[39m
        [33mclass[39m=[32m"user-profile"[39m
      [36m>[39m
        [36m<div[39m
          [33mclass[39m=[32m"user-photo"[39m
        [36m>[39m
          [36m<img[39m
            [33malt[39m=[32m"Foto de perfil"[39m
            [33msrc[39m=[32m"https://example.com/photo.jpg"[39m
          [36m/>[39m
        [36m</div>[39m
        [36m<div[39m
          [33mclass[39m=[32m"user-details"[39m
        [36m>[39m
          [36m<div[39m
            [33mclass[39m=[32m"user-info"[39m
          [36m>[39m
            [36m<h2>[39m
              [0mPublic User[0m
            [36m</h2>[39m
          [36m</div>[39m
          [36m<div[39m
            [33mclass[39m=[32m"user-stats"[39m
          [36m>[39m
            [36m<div[39m
              [33mclass[39m=[32m"stat"[39m
            [36m>[39m
              [36m<span[39m
                [33mclass[39m=[32m"number"[39m
              [36m>[39m
                [0m0[0m
              [36m</span>[39m
              [36m<span[39m
                [33mclass[39m=[32m"label"[39m
              [36m>[39m
                [0mSeguidors[0m
              [36m</span>[39m
            [36m</div>[39m
            [36m<div[39m
              [33mclass[39m=[32m"stat"[39m
            [36m>[39m
              [36m<span[39m
                [33mclass[39m=[32m"number"[39m
              [36m>[39m
                [0m1[0m
              [36m</span>[39m
              [36m<span[39m
                [33mclass[39m=[32m"label"[39m
              [36m>[39m
                [0mSeguits[0m
              [36m</span>[39m
            [36m</div>[39m
            [36m<div[39m
              [33mclass[39m=[32m"stat"[39m
            [36m>[39m
              [36m<span[39m
                [33mclass[39m=[32m"number"[39m
              [36m>[39m
                [0m2[0m
              [36m</span>[39m
              [36m<span[39m
                [33mclass[39m=[32m"label"[39m
              [36m>[39m
                [0mPublicacions[0m
              [36m</span>[39m
            [36m</div>[39m
          [36m</div>[39m
        [36m</div>[39m
      [36m</div>[39m
      [36m<div[39m
        [33mclass[39m=[32m"tabs-container1"[39m
      [36m>[39m
        [36m<h2[39m
          [33mclass[39m=[32m"tab-title"[39m
        [36m>[39m
          [0mRutes Publicades[0m
        [36m</h2>[39m
      [36m</div>[39m
      [36m<section[39m
        [33mclass[39m=[32m"trip-list"[39m
      [36m>[39m
        [36m<div[39m
          [33mdata-testid[39m=[32m"masonry-grid"[39m
        [36m>[39m
          [0m2[0m
          [0m items[0m
        [36m</div>[39m
      [36m</section>[39m
    [36m</div>[39m
  [36m</div>[39m
[36m</body>[39m
   ├ù UserProfilePublic page > sigue a usuario correctamente 33ms
     ÔåÆ Unable to find an accessible element with the role "button"

Here are the accessible roles:

  img:

  Name "Foto de perfil":
  [36m<img[39m
    [33malt[39m=[32m"Foto de perfil"[39m
    [33msrc[39m=[32m"https://example.com/photo.jpg"[39m
  [36m/>[39m

  --------------------------------------------------
  heading:

  Name "Public User":
  [36m<h2 />[39m

  Name "Rutes Publicades":
  [36m<h2[39m
    [33mclass[39m=[32m"tab-title"[39m
  [36m/>[39m

  --------------------------------------------------

Ignored nodes: comments, script, style
[36m<body>[39m
  [36m<div>[39m
    [36m<div[39m
      [33mdata-testid[39m=[32m"layout"[39m
    [36m>[39m
      [36m<div[39m
        [33mclass[39m=[32m"user-profile"[39m
      [36m>[39m
        [36m<div[39m
          [33mclass[39m=[32m"user-photo"[39m
        [36m>[39m
          [36m<img[39m
            [33malt[39m=[32m"Foto de perfil"[39m
            [33msrc[39m=[32m"https://example.com/photo.jpg"[39m
          [36m/>[39m
        [36m</div>[39m
        [36m<div[39m
          [33mclass[39m=[32m"user-details"[39m
        [36m>[39m
          [36m<div[39m
            [33mclass[39m=[32m"user-info"[39m
          [36m>[39m
            [36m<h2>[39m
              [0mPublic User[0m
            [36m</h2>[39m
          [36m</div>[39m
          [36m<div[39m
            [33mclass[39m=[32m"user-stats"[39m
          [36m>[39m
            [36m<div[39m
              [33mclass[39m=[32m"stat"[39m
            [36m>[39m
              [36m<span[39m
                [33mclass[39m=[32m"number"[39m
              [36m>[39m
                [0m0[0m
              [36m</span>[39m
              [36m<span[39m
                [33mclass[39m=[32m"label"[39m
              [36m>[39m
                [0mSeguidors[0m
              [36m</span>[39m
            [36m</div>[39m
            [36m<div[39m
              [33mclass[39m=[32m"stat"[39m
            [36m>[39m
              [36m<span[39m
                [33mclass[39m=[32m"number"[39m
              [36m>[39m
                [0m1[0m
              [36m</span>[39m
              [36m<span[39m
                [33mclass[39m=[32m"label"[39m
              [36m>[39m
                [0mSeguits[0m
              [36m</span>[39m
            [36m</div>[39m
            [36m<div[39m
              [33mclass[39m=[32m"stat"[39m
            [36m>[39m
              [36m<span[39m
                [33mclass[39m=[32m"number"[39m
              [36m>[39m
                [0m2[0m
              [36m</span>[39m
              [36m<span[39m
                [33mclass[39m=[32m"label"[39m
              [36m>[39m
                [0mPublicacions[0m
              [36m</span>[39m
            [36m</div>[39m
          [36m</div>[39m
        [36m</div>[39m
      [36m</div>[39m
      [36m<div[39m
        [33mclass[39m=[32m"tabs-container1"[39m
      [36m>[39m
        [36m<h2[39m
          [33mclass[39m=[32m"tab-title"[39m
        [36m>[39m
          [0mRutes Publicades[0m
        [36m</h2>[39m
      [36m</div>[39m
      [36m<section[39m
        [33mclass[39m=[32m"trip-list"[39m
      [36m>[39m
        [36m<div[39m
          [33mdata-testid[39m=[32m"masonry-grid"[39m
        [36m>[39m
          [0m2[0m
          [0m items[0m
        [36m</div>[39m
      [36m</section>[39m
    [36m</div>[39m
  [36m</div>[39m
[36m</body>[39m
   ├ù UserProfilePublic page > muestra bot├│n dejar de seguir si est├í siguiendo 25ms
     ÔåÆ Unable to find an accessible element with the role "button"

Here are the accessible roles:

  img:

  Name "Foto de perfil":
  [36m<img[39m
    [33malt[39m=[32m"Foto de perfil"[39m
    [33msrc[39m=[32m"https://example.com/photo.jpg"[39m
  [36m/>[39m

  --------------------------------------------------
  heading:

  Name "Public User":
  [36m<h2 />[39m

  Name "Rutes Publicades":
  [36m<h2[39m
    [33mclass[39m=[32m"tab-title"[39m
  [36m/>[39m

  --------------------------------------------------

Ignored nodes: comments, script, style
[36m<body>[39m
  [36m<div>[39m
    [36m<div[39m
      [33mdata-testid[39m=[32m"layout"[39m
    [36m>[39m
      [36m<div[39m
        [33mclass[39m=[32m"user-profile"[39m
      [36m>[39m
        [36m<div[39m
          [33mclass[39m=[32m"user-photo"[39m
        [36m>[39m
          [36m<img[39m
            [33malt[39m=[32m"Foto de perfil"[39m
            [33msrc[39m=[32m"https://example.com/photo.jpg"[39m
          [36m/>[39m
        [36m</div>[39m
        [36m<div[39m
          [33mclass[39m=[32m"user-details"[39m
        [36m>[39m
          [36m<div[39m
            [33mclass[39m=[32m"user-info"[39m
          [36m>[39m
            [36m<h2>[39m
              [0mPublic User[0m
            [36m</h2>[39m
          [36m</div>[39m
          [36m<div[39m
            [33mclass[39m=[32m"user-stats"[39m
          [36m>[39m
            [36m<div[39m
              [33mclass[39m=[32m"stat"[39m
            [36m>[39m
              [36m<span[39m
                [33mclass[39m=[32m"number"[39m
              [36m>[39m
                [0m1[0m
              [36m</span>[39m
              [36m<span[39m
                [33mclass[39m=[32m"label"[39m
              [36m>[39m
                [0mSeguidors[0m
              [36m</span>[39m
            [36m</div>[39m
            [36m<div[39m
              [33mclass[39m=[32m"stat"[39m
            [36m>[39m
              [36m<span[39m
                [33mclass[39m=[32m"number"[39m
              [36m>[39m
                [0m1[0m
              [36m</span>[39m
              [36m<span[39m
                [33mclass[39m=[32m"label"[39m
              [36m>[39m
                [0mSeguits[0m
              [36m</span>[39m
            [36m</div>[39m
            [36m<div[39m
              [33mclass[39m=[32m"stat"[39m
            [36m>[39m
              [36m<span[39m
                [33mclass[39m=[32m"number"[39m
              [36m>[39m
                [0m2[0m
              [36m</span>[39m
              [36m<span[39m
                [33mclass[39m=[32m"label"[39m
              [36m>[39m
                [0mPublicacions[0m
              [36m</span>[39m
            [36m</div>[39m
          [36m</div>[39m
        [36m</div>[39m
      [36m</div>[39m
      [36m<div[39m
        [33mclass[39m=[32m"tabs-container1"[39m
      [36m>[39m
        [36m<h2[39m
          [33mclass[39m=[32m"tab-title"[39m
        [36m>[39m
          [0mRutes Publicades[0m
        [36m</h2>[39m
      [36m</div>[39m
      [36m<section[39m
        [33mclass[39m=[32m"trip-list"[39m
      [36m>[39m
        [36m<div[39m
          [33mdata-testid[39m=[32m"masonry-grid"[39m
        [36m>[39m
          [0m2[0m
          [0m items[0m
        [36m</div>[39m
      [36m</section>[39m
    [36m</div>[39m
  [36m</div>[39m
[36m</body>[39m
   ├ù UserProfilePublic page > deja de seguir a usuario correctamente 24ms
     ÔåÆ Unable to find an accessible element with the role "button"

Here are the accessible roles:

  img:

  Name "Foto de perfil":
  [36m<img[39m
    [33malt[39m=[32m"Foto de perfil"[39m
    [33msrc[39m=[32m"https://example.com/photo.jpg"[39m
  [36m/>[39m

  --------------------------------------------------
  heading:

  Name "Public User":
  [36m<h2 />[39m

  Name "Rutes Publicades":
  [36m<h2[39m
    [33mclass[39m=[32m"tab-title"[39m
  [36m/>[39m

  --------------------------------------------------

Ignored nodes: comments, script, style
[36m<body>[39m
  [36m<div>[39m
    [36m<div[39m
      [33mdata-testid[39m=[32m"layout"[39m
    [36m>[39m
      [36m<div[39m
        [33mclass[39m=[32m"user-profile"[39m
      [36m>[39m
        [36m<div[39m
          [33mclass[39m=[32m"user-photo"[39m
        [36m>[39m
          [36m<img[39m
            [33malt[39m=[32m"Foto de perfil"[39m
            [33msrc[39m=[32m"https://example.com/photo.jpg"[39m
          [36m/>[39m
        [36m</div>[39m
        [36m<div[39m
          [33mclass[39m=[32m"user-details"[39m
        [36m>[39m
          [36m<div[39m
            [33mclass[39m=[32m"user-info"[39m
          [36m>[39m
            [36m<h2>[39m
              [0mPublic User[0m
            [36m</h2>[39m
          [36m</div>[39m
          [36m<div[39m
            [33mclass[39m=[32m"user-stats"[39m
          [36m>[39m
            [36m<div[39m
              [33mclass[39m=[32m"stat"[39m
            [36m>[39m
              [36m<span[39m
                [33mclass[39m=[32m"number"[39m
              [36m>[39m
                [0m1[0m
              [36m</span>[39m
              [36m<span[39m
                [33mclass[39m=[32m"label"[39m
              [36m>[39m
                [0mSeguidors[0m
              [36m</span>[39m
            [36m</div>[39m
            [36m<div[39m
              [33mclass[39m=[32m"stat"[39m
            [36m>[39m
              [36m<span[39m
                [33mclass[39m=[32m"number"[39m
              [36m>[39m
                [0m1[0m
              [36m</span>[39m
              [36m<span[39m
                [33mclass[39m=[32m"label"[39m
              [36m>[39m
                [0mSeguits[0m
              [36m</span>[39m
            [36m</div>[39m
            [36m<div[39m
              [33mclass[39m=[32m"stat"[39m
            [36m>[39m
              [36m<span[39m
                [33mclass[39m=[32m"number"[39m
              [36m>[39m
                [0m2[0m
              [36m</span>[39m
              [36m<span[39m
                [33mclass[39m=[32m"label"[39m
              [36m>[39m
                [0mPublicacions[0m
              [36m</span>[39m
            [36m</div>[39m
          [36m</div>[39m
        [36m</div>[39m
      [36m</div>[39m
      [36m<div[39m
        [33mclass[39m=[32m"tabs-container1"[39m
      [36m>[39m
        [36m<h2[39m
          [33mclass[39m=[32m"tab-title"[39m
        [36m>[39m
          [0mRutes Publicades[0m
        [36m</h2>[39m
      [36m</div>[39m
      [36m<section[39m
        [33mclass[39m=[32m"trip-list"[39m
      [36m>[39m
        [36m<div[39m
          [33mdata-testid[39m=[32m"masonry-grid"[39m
        [36m>[39m
          [0m2[0m
          [0m items[0m
        [36m</div>[39m
      [36m</section>[39m
    [36m</div>[39m
  [36m</div>[39m
[36m</body>[39m
 Ô£ô src/__tests__/RegisterModel.test.tsx (3 tests) 1258ms
   Ô£ô RegisterModal > llama a register con datos correctos 1085ms
stderr | src/__tests__/CreateTripForm.test.tsx > CreateTripForm > muestra mensaje de error cuando la API falla
Error creant trip: Error: fall├│
    at C:\Users\PabloSuperviaPages\Desktop\Uni\es\OneDayOneTrip\frontend\src\__tests__\CreateTripForm.test.tsx:93:47
    at file:///C:/Users/PabloSuperviaPages/Desktop/Uni/es/OneDayOneTrip/frontend/node_modules/@vitest/runner/dist/index
.js:146:14
    at file:///C:/Users/PabloSuperviaPages/Desktop/Uni/es/OneDayOneTrip/frontend/node_modules/@vitest/runner/dist/index
.js:533:11
    at runWithTimeout (file:///C:/Users/PabloSuperviaPages/Desktop/Uni/es/OneDayOneTrip/frontend/node_modules/@vitest/r
unner/dist/index.js:39:7)
    at runTest (file:///C:/Users/PabloSuperviaPages/Desktop/Uni/es/OneDayOneTrip/frontend/node_modules/@vitest/runner/d
ist/index.js:1056:17)
    at runSuite (file:///C:/Users/PabloSuperviaPages/Desktop/Uni/es/OneDayOneTrip/frontend/node_modules/@vitest/runner/
dist/index.js:1205:15)
    at runSuite (file:///C:/Users/PabloSuperviaPages/Desktop/Uni/es/OneDayOneTrip/frontend/node_modules/@vitest/runner/
dist/index.js:1205:15)
    at runFiles (file:///C:/Users/PabloSuperviaPages/Desktop/Uni/es/OneDayOneTrip/frontend/node_modules/@vitest/runner/
dist/index.js:1262:5)
    at startTests (file:///C:/Users/PabloSuperviaPages/Desktop/Uni/es/OneDayOneTrip/frontend/node_modules/@vitest/runne
r/dist/index.js:1271:3)
    at file:///C:/Users/PabloSuperviaPages/Desktop/Uni/es/OneDayOneTrip/frontend/node_modules/vitest/dist/chunks/runBas
eTests.3qpJUEJM.js:126:11

 Ô£ô src/__tests__/CreateTripForm.test.tsx (2 tests) 3665ms
   Ô£ô CreateTripForm > env├¡a los datos m├¡nimos y muestra mensaje de ├®xito 1901ms
   Ô£ô CreateTripForm > muestra mensaje de error cuando la API falla 1762ms
stderr | src/__tests__/Home.test.tsx > Home page > cambia entre tabs recomendados y siguiendo
An update to Home inside a test was not wrapped in act(...).

When testing, code that causes React state updates should be wrapped into act(...):

act(() => {
  /* fire events that update state */
});
/* assert on the output */

This ensures that you're testing the behavior the user would see in the browser. Learn more at 
https://react.dev/link/wrap-tests-with-act
An update to Home inside a test was not wrapped in act(...).

When testing, code that causes React state updates should be wrapped into act(...):

act(() => {
  /* fire events that update state */
});
/* assert on the output */

This ensures that you're testing the behavior the user would see in the browser. Learn more at 
https://react.dev/link/wrap-tests-with-act

 ÔØ» src/__tests__/UserProfile.test.tsx (13 tests | 5 failed) 3276ms
   ├ù UserProfile page > renderiza loading inicial 6ms
     ÔåÆ act is not defined
   ├ù UserProfile page > carga y muestra perfil del usuario actual 1ms
     ÔåÆ act is not defined
   ├ù UserProfile page > muestra error cuando no se puede cargar perfil 1025ms
     ÔåÆ Unable to find an element with the text: /No s'ha pogut carregar el perfil/i. This could be because the text is broken up by multiple elements. In this case, you can provide a function for your text matcher to make your matcher more flexible.

Ignored nodes: comments, script, style
[36m<body>[39m
  [36m<div>[39m
    [36m<div[39m
      [33mdata-testid[39m=[32m"layout"[39m
    [36m>[39m
      [36m<div[39m
        [33mclass[39m=[32m"error-state"[39m
      [36m>[39m
        [0mNetwork error[0m
      [36m</div>[39m
    [36m</div>[39m
  [36m</div>[39m
[36m</body>[39m

Ignored nodes: comments, script, style
[36m<html>[39m
  [36m<head />[39m
  [36m<body>[39m
    [36m<div>[39m
      [36m<div[39m
        [33mdata-testid[39m=[32m"layout"[39m
      [36m>[39m
        [36m<div[39m
          [33mclass[39m=[32m"error-state"[39m
        [36m>[39m
          [0mNetwork error[0m
        [36m</div>[39m
      [36m</div>[39m
    [36m</div>[39m
  [36m</body>[39m
[36m</html>[39m
   ├ù UserProfile page > muestra informaci├│n del usuario 1020ms
     ÔåÆ Unable to find an element with the text: currentuser. This could be because the text is broken up by multiple elements. In this case, you can provide a function for your text matcher to make your matcher more flexible.

Ignored nodes: comments, script, style
[36m<body>[39m
  [36m<div>[39m
    [36m<div[39m
      [33mdata-testid[39m=[32m"layout"[39m
    [36m>[39m
      [36m<div[39m
        [33mclass[39m=[32m"user-profile"[39m
        [33mstyle[39m=[32m"position: relative;"[39m
      [36m>[39m
        [36m<button[39m
          [33mclass[39m=[32m"edit-profile-btn"[39m
        [36m>[39m
          [0m [0m
          [36m<svg[39m
            [33maria-hidden[39m=[32m"true"[39m
            [33mclass[39m=[32m"lucide lucide-pencil"[39m
            [33mfill[39m=[32m"none"[39m
            [33mheight[39m=[32m"22"[39m
            [33mstroke[39m=[32m"currentColor"[39m
            [33mstroke-linecap[39m=[32m"round"[39m
            [33mstroke-linejoin[39m=[32m"round"[39m
            [33mstroke-width[39m=[32m"2"[39m
            [33mviewBox[39m=[32m"0 0 24 24"[39m
            [33mwidth[39m=[32m"22"[39m
            [33mxmlns[39m=[32m"http://www.w3.org/2000/svg"[39m
          [36m>[39m
            [36m<path[39m
              [33md[39m=[32m"M21.174 6.812a1 1 0 0 0-3.986-3.987L3.842 16.174a2 2 0 0 0-.5.83l-1.321 4.352a.5.5 0 0 0 .623.622l4.353-1.32a2 2 0 0 0 .83-.497z"[39m
            [36m/>[39m
            [36m<path[39m
              [33md[39m=[32m"m15 5 4 4"[39m
            [36m/>[39m
          [36m</svg>[39m
        [36m</button>[39m
        [36m<div[39m
          [33mclass[39m=[32m"user-photo"[39m
        [36m>[39m
          [36m<img[39m
            [33malt[39m=[32m"Foto de perfil"[39m
            [33msrc[39m=[32m"https://example.com/photo.jpg"[39m
          [36m/>[39m
        [36m</div>[39m
        [36m<div[39m
          [33mclass[39m=[32m"user-details"[39m
        [36m>[39m
          [36m<div[39m
            [33mclass[39m=[32m"user-info"[39m
          [36m>[39m
            [36m<h2>[39m
              [0mCurrent User[0m
            [36m</h2>[39m
            [36m<h3>[39m
              [0mcurrent@example.com[0m
            [36m</h3>[39m
          [36m</div>[39m
          [36m<div[39m
            [33mclass[39m=[32m"user-stats"[39m
          [36m>[39m
            [36m<div[39m
              [33mclass[39m=[32m"stat"[39m
            [36m>[39m
              [36m<span[39m
                [33mclass[39m=[32m"number"[39m
              [36m>[39m
                [0m1[0m
              [36m</span>[39m
              [36m<span[39m
                [33mclass[39m=[32m"label"[39m
              [36m>[39m
                [0mSeguidors[0m
              [36m</span>[39m
            [36m</div>[39m
            [36m<div[39m
              [33mclass[39m=[32m"stat"[39m
            [36m>[39m
              [36m<span[39m
                [33mclass[39m=[32m"number"[39m
              [36m>[39m
                [0m1[0m
              [36m</span>[39m
              [36m<span[39m
                [33mclass[39m=[32m"label"[39m
              [36m>[39m
                [0mSeguits[0m
              [36m</span>[39m
            [36m</div>[39m
            [36m<div[39m
              [33mclass[39m=[32m"stat"[39m
            [36m>[39m
              [36m<span[39m
                [33mclass[39m=[32m"number"[39m
              [36m>[39m
                [0m2[0m
              [36m</span>[39m
              [36m<span[39m
                [33mclass[39m=[32m"label"[39m
              [36m>[39m
                [0mPublicacions[0m
              [36m</span>[39m
            [36m</div>[39m
            [36m<div[39m
              [33mclass[39m=[32m"stat"[39m
            [36m>[39m
              [36m<span[39m
                [33mclass[39m=[32m"number"[39m
              [36m>[39m
                [0m1[0m
              [36m</span>[39m
              [36m<span[39m
                [33mclass[39m=[32m"label"[39m
              [36m>[39m
                [0mGuardades[0m
              [36m</span>[39m
            [36m</div>[39m
          [36m</div>[39m
        [36m</div>[39m
      [36m</div>[39m
      [36m<div[39m
        [33mclass[39m=[32m"tabs-container"[39m
        [33mdata-active[39m=[32m"publicacions"[39m
      [36m>[39m
        [36m<button[39m
          [33mclass[39m=[32m"tab-btn active"[39m
        [36m>[39m
          [0mPublicacions[0m
        [36m</button>[39m
        [36m<button[39m
          [33mclass[39m=[32m"tab-btn "[39m
        [36m>[39m
          [0mGuardat[0m
        [36m</button>[39m
      [36m</div>[39m
      [36m<section[39m
        [33mclass[39m=[32m"trip-list"[39m
      [36m>[39m
        [36m<div[39m
          [33mdata-testid[39m=[32m"masonry-grid"[39m
        [36m>[39m
          [0m2[0m
          [0m items[0m
        [36m</div>[39m
      [36m</section>[39m
    [36m</div>[39m
  [36m</div>[39m
[36m</body>[39m

Ignored nodes: comments, script, style
[36m<html>[39m
  [36m<head />[39m
  [36m<body>[39m
    [36m<div>[39m
      [36m<div[39m
        [33mdata-testid[39m=[32m"layout"[39m
      [36m>[39m
        [36m<div[39m
          [33mclass[39m=[32m"user-profile"[39m
          [33mstyle[39m=[32m"position: relative;"[39m
        [36m>[39m
          [36m<button[39m
            [33mclass[39m=[32m"edit-profile-btn"[39m
          [36m>[39m
            [0m [0m
            [36m<svg[39m
              [33maria-hidden[39m=[32m"true"[39m
              [33mclass[39m=[32m"lucide lucide-pencil"[39m
              [33mfill[39m=[32m"none"[39m
              [33mheight[39m=[32m"22"[39m
              [33mstroke[39m=[32m"currentColor"[39m
              [33mstroke-linecap[39m=[32m"round"[39m
              [33mstroke-linejoin[39m=[32m"round"[39m
              [33mstroke-width[39m=[32m"2"[39m
              [33mviewBox[39m=[32m"0 0 24 24"[39m
              [33mwidth[39m=[32m"22"[39m
              [33mxmlns[39m=[32m"http://www.w3.org/2000/svg"[39m
            [36m>[39m
              [36m<path[39m
                [33md[39m=[32m"M21.174 6.812a1 1 0 0 0-3.986-3.987L3.842 16.174a2 2 0 0 0-.5.83l-1.321 4.352a.5.5 0 0 0 .623.622l4.353-1.32a2 2 0 0 0 .83-.497z"[39m
              [36m/>[39m
              [36m<path[39m
                [33md[39m=[32m"m15 5 4 4"[39m
              [36m/>[39m
            [36m</svg>[39m
          [36m</button>[39m
          [36m<div[39m
            [33mclass[39m=[32m"user-photo"[39m
          [36m>[39m
            [36m<img[39m
              [33malt[39m=[32m"Foto de perfil"[39m
              [33msrc[39m=[32m"https://example.com/photo.jpg"[39m
            [36m/>[39m
          [36m</div>[39m
          [36m<div[39m
            [33mclass[39m=[32m"user-details"[39m
          [36m>[39m
            [36m<div[39m
              [33mclass[39m=[32m"user-info"[39m
            [36m>[39m
              [36m<h2>[39m
                [0mCurrent User[0m
              [36m</h2>[39m
              [36m<h3>[39m
                [0mcurrent@example.com[0m
              [36m</h3>[39m
            [36m</div>[39m
            [36m<div[39m
              [33mclass[39m=[32m"user-stats"[39m
            [36m>[39m
              [36m<div[39m
                [33mclass[39m=[32m"stat"[39m
              [36m>[39m
                [36m<span[39m
                  [33mclass[39m=[32m"number"[39m
                [36m>[39m
                  [0m1[0m
                [36m</span>[39m
                [36m<span[39m
                  [33mclass[39m=[32m"label"[39m
                [36m>[39m
                  [0mSeguidors[0m
                [36m</span>[39m
              [36m</div>[39m
              [36m<div[39m
                [33mclass[39m=[32m"stat"[39m
              [36m>[39m
                [36m<span[39m
                  [33mclass[39m=[32m"number"[39m
                [36m>[39m
                  [0m1[0m
                [36m</span>[39m
                [36m<span[39m
                  [33mclass[39m=[32m"label"[39m
                [36m>[39m
                  [0mSeguits[0m
                [36m</span>[39m
              [36m</div>[39m
              [36m<div[39m
                [33mclass[39m=[32m"stat"[39m
              [36m>[39m
                [36m<span[39m
                  [33mclass[39m=[32m"number"[39m
                [36m>[39m
                  [0m2[0m
                [36m</span>[39m
                [36m<span[39m
                  [33mclass[39m=[32m"label"[39m
                [36m>[39m
                  [0mPublicacions[0m
                [36m</span>[39m
              [36m</div>[39m
              [36m<div[39m
                [33mclass[39m=[32m"stat"[39m
              [36m>[39m
                [36m<span[39m
                  [33mclass[39m=[32m"number"[39m
                [36m>[39m
                  [0m1[0m
                [36m</span>[39m
                [36m<span[39m
                  [33mclass[39m=[32m"label"[39m
                [36m>[39m
                  [0mGuardades[0m
                [36m</span>[39m
              [36m</div>[39m
            [36m</div>[39m
          [36m</div>[39m
        [36m</div>[39m
        [36m<div[39m
          [33mclass[39m=[32m"tabs-container"[39m
          [33mdata-active[39m=[32m"publicacions"[39m
        [36m>[39m
          [36m<button[39m
            [33mclass[39m=[32m"tab-btn active"[39m
          [36m>[39m
            [0mPublicacions[0m
          [36m</button>[39m
          [36m<button[39m
            [33mclass[39m=[32m"tab-btn "[39m
          [36m>[39m
            [0mGuardat[0m
          [36m</button>[39m
        [36m</div>[39m
        [36m<section[39m
          [33mclass[39m=[32m"trip-list"[39m
        [36m>[39m
          [36m<div[39m
            [33mdata-testid[39m=[32m"masonry-grid"[39m
          [36m>[39m
            [0m2[0m
            [0m items[0m
          [36m</div>[39m
        [36m</section>[39m
      [36m</div>[39m
    [36m</div>[39m
  [36m</body>[39m
[36m</html>[39m...
   ├ù UserProfile page > muestra contadores 1009ms
     ÔåÆ Found multiple elements with the text: /10|5|2/i

Here are the matching elements:

Ignored nodes: comments, script, style
[36m<span[39m
  [33mclass[39m=[32m"number"[39m
[36m>[39m
  [0m2[0m
[36m</span>[39m

Ignored nodes: comments, script, style
[36m<div[39m
  [33mdata-testid[39m=[32m"masonry-grid"[39m
[36m>[39m
  [0m2[0m
  [0m items[0m
[36m</div>[39m

(If this is intentional, then use the `*AllBy*` variant of the query (like `queryAllByText`, `getAllByText`, or `findAllByText`)).

Ignored nodes: comments, script, style
[36m<body>[39m
  [36m<div>[39m
    [36m<div[39m
      [33mdata-testid[39m=[32m"layout"[39m
    [36m>[39m
      [36m<div[39m
        [33mclass[39m=[32m"user-profile"[39m
        [33mstyle[39m=[32m"position: relative;"[39m
      [36m>[39m
        [36m<button[39m
          [33mclass[39m=[32m"edit-profile-btn"[39m
        [36m>[39m
          [0m [0m
          [36m<svg[39m
            [33maria-hidden[39m=[32m"true"[39m
            [33mclass[39m=[32m"lucide lucide-pencil"[39m
            [33mfill[39m=[32m"none"[39m
            [33mheight[39m=[32m"22"[39m
            [33mstroke[39m=[32m"currentColor"[39m
            [33mstroke-linecap[39m=[32m"round"[39m
            [33mstroke-linejoin[39m=[32m"round"[39m
            [33mstroke-width[39m=[32m"2"[39m
            [33mviewBox[39m=[32m"0 0 24 24"[39m
            [33mwidth[39m=[32m"22"[39m
            [33mxmlns[39m=[32m"http://www.w3.org/2000/svg"[39m
          [36m>[39m
            [36m<path[39m
              [33md[39m=[32m"M21.174 6.812a1 1 0 0 0-3.986-3.987L3.842 16.174a2 2 0 0 0-.5.83l-1.321 4.352a.5.5 0 0 0 .623.622l4.353-1.32a2 2 0 0 0 .83-.497z"[39m
            [36m/>[39m
            [36m<path[39m
              [33md[39m=[32m"m15 5 4 4"[39m
            [36m/>[39m
          [36m</svg>[39m
        [36m</button>[39m
        [36m<div[39m
          [33mclass[39m=[32m"user-photo"[39m
        [36m>[39m
          [36m<img[39m
            [33malt[39m=[32m"Foto de perfil"[39m
            [33msrc[39m=[32m"https://example.com/photo.jpg"[39m
          [36m/>[39m
        [36m</div>[39m
        [36m<div[39m
          [33mclass[39m=[32m"user-details"[39m
        [36m>[39m
          [36m<div[39m
            [33mclass[39m=[32m"user-info"[39m
          [36m>[39m
            [36m<h2>[39m
              [0mCurrent User[0m
            [36m</h2>[39m
            [36m<h3>[39m
              [0mcurrent@example.com[0m
            [36m</h3>[39m
          [36m</div>[39m
          [36m<div[39m
            [33mclass[39m=[32m"user-stats"[39m
          [36m>[39m
            [36m<div[39m
              [33mclass[39m=[32m"stat"[39m
            [36m>[39m
              [36m<span[39m
                [33mclass[39m=[32m"number"[39m
              [36m>[39m
                [0m1[0m
              [36m</span>[39m
              [36m<span[39m
                [33mclass[39m=[32m"label"[39m
              [36m>[39m
                [0mSeguidors[0m
              [36m</span>[39m
            [36m</div>[39m
            [36m<div[39m
              [33mclass[39m=[32m"stat"[39m
            [36m>[39m
              [36m<span[39m
                [33mclass[39m=[32m"number"[39m
              [36m>[39m
                [0m1[0m
              [36m</span>[39m
              [36m<span[39m
                [33mclass[39m=[32m"label"[39m
              [36m>[39m
                [0mSeguits[0m
              [36m</span>[39m
            [36m</div>[39m
            [36m<div[39m
              [33mclass[39m=[32m"stat"[39m
            [36m>[39m
              [36m<span[39m
                [33mclass[39m=[32m"number"[39m
              [36m>[39m
                [0m2[0m
              [36m</span>[39m
              [36m<span[39m
                [33mclass[39m=[32m"label"[39m
              [36m>[39m
                [0mPublicacions[0m
              [36m</span>[39m
            [36m</div>[39m
            [36m<div[39m
              [33mclass[39m=[32m"stat"[39m
            [36m>[39m
              [36m<span[39m
                [33mclass[39m=[32m"number"[39m
              [36m>[39m
                [0m1[0m
              [36m</span>[39m
              [36m<span[39m
                [33mclass[39m=[32m"label"[39m
              [36m>[39m
                [0mGuardades[0m
              [36m</span>[39m
            [36m</div>[39m
          [36m</div>[39m
        [36m</div>[39m
      [36m</div>[39m
      [36m<div[39m
        [33mclass[39m=[32m"tabs-container"[39m
        [33mdata-active[39m=[32m"publicacions"[39m
      [36m>[39m
        [36m<button[39m
          [33mclass[39m=[32m"tab-btn active"[39m
        [36m>[39m
          [0mPublicacions[0m
        [36m</button>[39m
        [36m<button[39m
          [33mclass[39m=[32m"tab-btn "[39m
        [36m>[39m
          [0mGuardat[0m
        [36m</button>[39m
      [36m</div>[39m
      [36m<section[39m
        [33mclass[39m=[32m"trip-list"[39m
      [36m>[39m
        [36m<div[39m
          [33mdata-testid[39m=[32m"masonry-grid"[39m
        [36m>[39m
          [0m2[0m
          [0m items[0m
        [36m</div>[39m
      [36m</section>[39m
    [36m</div>[39m
  [36m</div>[39m
[36m</body>[39m

Ignored nodes: comments, script, style
[36m<html>[39m
  [36m<head />[39m
  [36m<body>[39m
    [36m<div>[39m
      [36m<div[39m
        [33mdata-testid[39m=[32m"layout"[39m
      [36m>[39m
        [36m<div[39m
          [33mclass[39m=[32m"user-profile"[39m
          [33mstyle[39m=[32m"position: relative;"[39m
        [36m>[39m
          [36m<button[39m
            [33mclass[39m=[32m"edit-profile-btn"[39m
          [36m>[39m
            [0m [0m
            [36m<svg[39m
              [33maria-hidden[39m=[32m"true"[39m
              [33mclass[39m=[32m"lucide lucide-pencil"[39m
              [33mfill[39m=[32m"none"[39m
              [33mheight[39m=[32m"22"[39m
              [33mstroke[39m=[32m"currentColor"[39m
              [33mstroke-linecap[39m=[32m"round"[39m
              [33mstroke-linejoin[39m=[32m"round"[39m
              [33mstroke-width[39m=[32m"2"[39m
              [33mviewBox[39m=[32m"0 0 24 24"[39m
              [33mwidth[39m=[32m"22"[39m
              [33mxmlns[39m=[32m"http://www.w3.org/2000/svg"[39m
            [36m>[39m
              [36m<path[39m
                [33md[39m=[32m"M21.174 6.812a1 1 0 0 0-3.986-3.987L3.842 16.174a2 2 0 0 0-.5.83l-1.321 4.352a.5.5 0 0 0 .623.622l4.353-1.32a2 2 0 0 0 .83-.497z"[39m
              [36m/>[39m
              [36m<path[39m
                [33md[39m=[32m"m15 5 4 4"[39m
              [36m/>[39m
            [36m</svg>[39m
          [36m</button>[39m
          [36m<div[39m
            [33mclass[39m=[32m"user-photo"[39m
          [36m>[39m
            [36m<img[39m
              [33malt[39m=[32m"Foto de perfil"[39m
              [33msrc[39m=[32m"https://example.com/photo.jpg"[39m
            [36m/>[39m
          [36m</div>[39m
          [36m<div[39m
            [33mclass[39m=[32m"user-details"[39m
          [36m>[39m
            [36m<div[39m
              [33mclass[39m=[32m"user-info"[39m
            [36m>[39m
              [36m<h2>[39m
                [0mCurrent User[0m
              [36m</h2>[39m
              [36m<h3>[39m
                [0mcurrent@example.com[0m
              [36m</h3>[39m
            [36m</div>[39m
            [36m<div[39m
              [33mclass[39m=[32m"user-stats"[39m
            [36m>[39m
              [36m<div[39m
                [33mclass[39m=[32m"stat"[39m
              [36m>[39m
                [36m<span[39m
                  [33mclass[39m=[32m"number"[39m
                [36m>[39m
                  [0m1[0m
                [36m</span>[39m
                [36m<span[39m
                  [33mclass[39m=[32m"label"[39m
                [36m>[39m
                  [0mSeguidors[0m
                [36m</span>[39m
              [36m</div>[39m
              [36m<div[39m
                [33mclass[39m=[32m"stat"[39m
              [36m>[39m
                [36m<span[39m
                  [33mclass[39m=[32m"number"[39m
                [36m>[39m
                  [0m1[0m
                [36m</span>[39m
                [36m<span[39m
                  [33mclass[39m=[32m"label"[39m
                [36m>[39m
                  [0mSeguits[0m
                [36m</span>[39m
              [36m</div>[39m
              [36m<div[39m
                [33mclass[39m=[32m"stat"[39m
              [36m>[39m
                [36m<span[39m
                  [33mclass[39m=[32m"number"[39m
                [36m>[39m
                  [0m2[0m
                [36m</span>[39m
                [36m<span[39m
                  [33mclass[39m=[32m"label"[39m
                [36m>[39m
                  [0mPublicacions[0m
                [36m</span>[39m
              [36m</div>[39m
              [36m<div[39m
                [33mclass[39m=[32m"stat"[39m
              [36m>[39m
                [36m<span[39m
                  [33mclass[39m=[32m"number"[39m
                [36m>[39m
                  [0m1[0m
                [36m</span>[39m
                [36m<span[39m
                  [33mclass[39m=[32m"label"[39m
                [36m>[39m
                  [0mGuardades[0m
                [36m</span>[39m
              [36m</div>[39m
            [36m</div>[39m
          [36m</div>[39m
        [36m</div>[39m
        [36m<div[39m
          [33mclass[39m=[32m"tabs-container"[39m
          [33mdata-active[39m=[32m"publicacions"[39m
        [36m>[39m
          [36m<button[39m
            [33mclass[39m=[32m"tab-btn active"[39m
          [36m>[39m
            [0mPublicacions[0m
          [36m</button>[39m
          [36m<button[39m
            [33mclass[39m=[32m"tab-btn "[39m
          [36m>[39m
            [0mGuardat[0m
          [36m</button>[39m
        [36m</div>[39m
        [36m<section[39m
          [33mclass[39m=[32m"trip-list"[39m
        [36m>[39m
          [36m<div[39m
            [33mdata-testid[39m=[32m"masonry-grid"[39m
          [36m>[39m
            [0m2[0m
            [0m items[0m
          [36m</div>[39m
        [36m</section>[39m
      [36m</div>[39m
    [36m</div>[39m
  [36m</body>[39m
[36m</html>[39m...
stderr | src/__tests__/Home.test.tsx > Home page > renderiza sin usuario autenticado
An update to Home inside a test was not wrapped in act(...).

When testing, code that causes React state updates should be wrapped into act(...):

act(() => {
  /* fire events that update state */
});
/* assert on the output */

This ensures that you're testing the behavior the user would see in the browser. Learn more at 
https://react.dev/link/wrap-tests-with-act
An update to Home inside a test was not wrapped in act(...).

When testing, code that causes React state updates should be wrapped into act(...):

act(() => {
  /* fire events that update state */
});
/* assert on the output */

This ensures that you're testing the behavior the user would see in the browser. Learn more at 
https://react.dev/link/wrap-tests-with-act

 ÔØ» src/__tests__/Home.test.tsx (10 tests | 2 failed) 3476ms
   ├ù Home page > muestra el t├¡tulo, el hero y el mensaje sin rutas 128ms
     ÔåÆ Unable to find an element with the text: /Descobreix rutes d'un dia ideals per escapades expr├®s/i. This could be because the text is broken up by multiple elements. In this case, you can provide a function for your text matcher to make your matcher more flexible.

Ignored nodes: comments, script, style
[36m<body>[39m
  [36m<div>[39m
    [36m<div[39m
      [33mclass[39m=[32m"layout home"[39m
    [36m>[39m
      [36m<header[39m
        [33mclass[39m=[32m"main-header variant-home"[39m
      [36m>[39m
        [36m<div[39m
          [33mclass[39m=[32m"header-left"[39m
        [36m/>[39m
        [36m<h1[39m
          [33mclass[39m=[32m"logo"[39m
        [36m>[39m
          [0mOneDayOneTrip[0m
        [36m</h1>[39m
        [36m<div[39m
          [33mclass[39m=[32m"header-right"[39m
        [36m>[39m
          [36m<button[39m
            [33mclass[39m=[32m"header-btn login"[39m
          [36m>[39m
            [0mIniciar sessi├│[0m
          [36m</button>[39m
          [36m<button[39m
            [33mclass[39m=[32m"header-btn register"[39m
          [36m>[39m
            [0mRegistrar-se[0m
          [36m</button>[39m
        [36m</div>[39m
      [36m</header>[39m
      [36m<main[39m
        [33mclass[39m=[32m"layout-content"[39m
      [36m>[39m
        [36m<div[39m
          [33mdata-testid[39m=[32m"carousel"[39m
        [36m>[39m
          [0mCarousel[0m
        [36m</div>[39m
        [36m<section[39m
          [33mclass[39m=[32m"intro-text"[39m
        [36m>[39m
          [36m<p>[39m
            [0mDescobreix rutes dÔÇÖun dia ideals per escapades expr├®s![0m
          [36m</p>[39m
          [36m<p>[39m
            [0mRutes guiades amb horaris, dificultat i recomanacions locals perqu├¿ aprofitis al m├áxim cada ciutat.[0m
          [36m</p>[39m
        [36m</section>[39m
        [36m<section[39m
          [33mclass[39m=[32m"trip-list-section"[39m
        [36m>[39m
          [36m<div[39m
            [33mclass[39m=[32m"no-trips-message"[39m
          [36m>[39m
            [36m<img[39m
              [33malt[39m=[32m"Sense rutes"[39m
              [33mclass[39m=[32m"no-trips-icon"[39m
              [33msrc[39m=[32m"https://cdn-icons-png.flaticon.com/512/7112/7112926.png"[39m
            [36m/>[39m
            [36m<p>[39m
              [0mEncara no hi ha rutes recomanades per mostrar.[0m
            [36m</p>[39m
          [36m</div>[39m
        [36m</section>[39m
      [36m</main>[39m
      [36m<footer[39m
        [33mclass[39m=[32m"bg-gray-800 text-white py-4 mt-8"[39m
        [33mstyle[39m=[32m"margin-top: 50px; background-color: rgb(46, 73, 46); height: 200px; color: rgb(255, 255, 255); padding-left: 30px; padding-top: 1px;"[39m
      [36m>[39m
        [36m<div[39m
          [33mstyle[39m=[32m"height: 3px; background-color: rgb(46, 73, 46);"[39m
        [36m/>[39m
        [36m<div[39m
          [33mstyle[39m=[32m"display: grid; grid-template-columns: repeat(2, 1fr);"[39m
        [36m>[39m
          [36m<div[39m
            [33mclass[39m=[32m"container mx-auto text-center"[39m
          [36m>[39m
            [36m<h2>[39m
              [0mOneDayOneTrip[0m
            [36m</h2>[39m
            [36m<p>[39m
              [0m┬® [0m
              [0m2025[0m
              [0m OneDayOneTrip.All rights reserved.[0m
            [36m</p>[39m
          [36m</div>[39m
          [36m<div>[39m
            [36m<h2>[39m
              [0mContacte[0m
            [36m</h2>[39m
            [36m<p>[39m
              [0m [0m
              [36m<a[39m
                [33mhref[39m=[32m"mailto:help@onedayonetrip.com"[39m
                [33mstyle[39m=[32m"color: rgb(255, 255, 255); text-decoration: none;"[39m
              [36m>[39m
                [0mhelp@onedayonetrip.com[0m
              [36m</a>[39m
            [36m</p>[39m
            [36m<p>[39m
              [36m<a[39m
                [33mhref[39m=[32m"tel:+34 123 456 789"[39m
                [33mstyle[39m=[32m"color: rgb(255, 255, 255); text-decoration: none;"[39m
              [36m>[39m
                [0m+34 123 456 789[0m
              [36m</a>[39m
            [36m</p>[39m
          [36m</div>[39m
        [36m</div>[39m
      [36m</footer>[39m
    [36m</div>[39m
  [36m</div>[39m
[36m</body>[39m
   ├ù Home page > carga y muestra trips correctamente 3027ms
     ÔåÆ expect(element).toHaveTextContent()

Expected element to have text content:
  2 trips
Received:
  0 trips

Ignored nodes: comments, script, style
[36m<html>[39m
  [36m<head />[39m
  [36m<body>[39m
    [36m<div>[39m
      [36m<div[39m
        [33mclass[39m=[32m"layout home"[39m
      [36m>[39m
        [36m<header[39m
          [33mclass[39m=[32m"main-header variant-home"[39m
        [36m>[39m
          [36m<div[39m
            [33mclass[39m=[32m"header-left"[39m
          [36m/>[39m
          [36m<h1[39m
            [33mclass[39m=[32m"logo"[39m
          [36m>[39m
            [0mOneDayOneTrip[0m
          [36m</h1>[39m
          [36m<div[39m
            [33mclass[39m=[32m"header-right"[39m
          [36m>[39m
            [36m<button[39m
              [33mclass[39m=[32m"header-btn login"[39m
            [36m>[39m
              [0mIniciar sessi├│[0m
            [36m</button>[39m
            [36m<button[39m
              [33mclass[39m=[32m"header-btn register"[39m
            [36m>[39m
              [0mRegistrar-se[0m
            [36m</button>[39m
          [36m</div>[39m
        [36m</header>[39m
        [36m<main[39m
          [33mclass[39m=[32m"layout-content"[39m
        [36m>[39m
          [36m<div[39m
            [33mdata-testid[39m=[32m"carousel"[39m
          [36m>[39m
            [0mCarousel[0m
          [36m</div>[39m
          [36m<section[39m
            [33mclass[39m=[32m"intro-text"[39m
          [36m>[39m
            [36m<p>[39m
              [0mDescobreix rutes dÔÇÖun dia ideals per escapades expr├®s![0m
            [36m</p>[39m
            [36m<p>[39m
              [0mRutes guiades amb horaris, dificultat i recomanacions locals perqu├¿ aprofitis al m├áxim cada ciutat.[0m
            [36m</p>[39m
          [36m</section>[39m
          [36m<section[39m
            [33mclass[39m=[32m"trip-list-section"[39m
          [36m>[39m
            [36m<div[39m
              [33mdata-testid[39m=[32m"masonry-grid"[39m
            [36m>[39m
              [0m0[0m
              [0m trips[0m
            [36m</div>[39m
          [36m</section>[39m
        [36m</main>[39m
        [36m<footer[39m
          [33mclass[39m=[32m"bg-gray-800 text-white py-4 mt-8"[39m
          [33mstyle[39m=[32m"margin-top: 50px; background-color: rgb(46, 73, 46); height: 200px; color: rgb(255, 255, 255); padding-left: 30px; padding-top: 1px;"[39m
        [36m>[39m
          [36m<div[39m
            [33mstyle[39m=[32m"height: 3px; background-color: rgb(46, 73, 46);"[39m
          [36m/>[39m
          [36m<div[39m
            [33mstyle[39m=[32m"display: grid; grid-template-columns: repeat(2, 1fr);"[39m
          [36m>[39m
            [36m<div[39m
              [33mclass[39m=[32m"container mx-auto text-center"[39m
            [36m>[39m
              [36m<h2>[39m
                [0mOneDayOneTrip[0m
              [36m</h2>[39m
              [36m<p>[39m
                [0m┬® [0m
                [0m2025[0m
                [0m OneDayOneTrip.All rights reserved.[0m
              [36m</p>[39m
            [36m</div>[39m
            [36m<div>[39m
              [36m<h2>[39m
                [0mContacte[0m
              [36m</h2>[39m
              [36m<p>[39m
                [0m [0m
                [36m<a[39m
                  [33mhref[39m=[32m"mailto:help@onedayonetrip.com"[39m
                  [33mstyle[39m=[32m"color: rgb(255, 255, 255); text-decoration: none;"[39m
                [36m>[39m
                  [0mhelp@onedayonetrip.com[0m
                [36m</a>[39m
              [36m</p>[39m
              [36m<p>[39m
                [36m<a[39m
                  [33mhref[39m=[32m"tel:+34 123 456 789"[39m
                  [33mstyle[39m=[32m"color: rgb(255, 255, 255); text-decoration: none;"[39m
                [36m>[39m
                  [0m+34 123 456 789[0m
                [36m</a>[39m
              [36m</p>[39m
            [36m</div>[39m
          [36m</div>[39m
        [36m</footer>[39m
      [36m</div>[39m
    [36m</div>[39m
  [36m</body>[39m
[36m</html>[39m...
 Ô£ô src/__tests__/apiClient.test.ts (3 tests) 7ms
 Ô£ô src/__tests__/rateTrip.test.ts (2 tests) 6ms
stdout | src/__tests__/LoginModel.test.tsx > LoginModal > llama a login con credenciales correctas
Usuario logueado: { uid: 'user-abc' }

 Ô£ô src/__tests__/LoginModel.test.tsx (3 tests) 748ms
   Ô£ô LoginModal > llama a login con credenciales correctas 540ms
 Ô£ô src/__tests__/ImageCarrousel.test.tsx (2 tests) 99ms
 Ô£ô src/__tests__/Valorar.test.tsx (1 test) 191ms
 Ô£ô src/__tests__/SmokeApp.test.tsx (1 test) 110ms
 ÔØ» src/__tests__/RutaDetall.test.tsx (12 tests | 12 failed) 12186ms
   ├ù RutaDetall page > renderiza loading inicial 1047ms
     ÔåÆ expected "spy" to be called at least once

Ignored nodes: comments, script, style
[36m<html>[39m
  [36m<head />[39m
  [36m<body>[39m
    [36m<div>[39m
      [36m<div[39m
        [33mclass[39m=[32m"error"[39m
      [36m>[39m
        [36m<p>[39m
          [0mID inv├álid.[0m
        [36m</p>[39m
        [36m<button>[39m
          [0mÔåÉ Tornar[0m
        [36m</button>[39m
      [36m</div>[39m
    [36m</div>[39m
  [36m</body>[39m
[36m</html>[39m...
   ├ù RutaDetall page > carga y muestra trip por ID v├ílido 1013ms
     ÔåÆ expected "spy" to be called with arguments: [ 'trip-123' ]

Received: 



Number of calls: 0


Ignored nodes: comments, script, style
[36m<html>[39m
  [36m<head />[39m
  [36m<body>[39m
    [36m<div>[39m
      [36m<div[39m
        [33mclass[39m=[32m"error"[39m
      [36m>[39m
        [36m<p>[39m
          [0mID inv├álid.[0m
        [36m</p>[39m
        [36m<button>[39m
          [0mÔåÉ Tornar[0m
        [36m</button>[39m
      [36m</div>[39m
    [36m</div>[39m
  [36m</body>[39m
[36m</html>[39m...
   ├ù RutaDetall page > muestra error cuando trip no existe 1020ms
     ÔåÆ Unable to find an element with the text: /No s'ha pogut carregar la ruta/i. This could be because the text is broken up by multiple elements. In this case, you can provide a function for your text matcher to make your matcher more flexible.

Ignored nodes: comments, script, style
[36m<body>[39m
  [36m<div>[39m
    [36m<div[39m
      [33mclass[39m=[32m"error"[39m
    [36m>[39m
      [36m<p>[39m
        [0mID inv├álid.[0m
      [36m</p>[39m
      [36m<button>[39m
        [0mÔåÉ Tornar[0m
      [36m</button>[39m
    [36m</div>[39m
  [36m</div>[39m
[36m</body>[39m

Ignored nodes: comments, script, style
[36m<html>[39m
  [36m<head />[39m
  [36m<body>[39m
    [36m<div>[39m
      [36m<div[39m
        [33mclass[39m=[32m"error"[39m
      [36m>[39m
        [36m<p>[39m
          [0mID inv├álid.[0m
        [36m</p>[39m
        [36m<button>[39m
          [0mÔåÉ Tornar[0m
        [36m</button>[39m
      [36m</div>[39m
    [36m</div>[39m
  [36m</body>[39m
[36m</html>[39m...
   ├ù RutaDetall page > muestra error cuando ID es inv├ílido 1010ms
     ÔåÆ expected "spy" to be called at least once

Ignored nodes: comments, script, style
[36m<html>[39m
  [36m<head />[39m
  [36m<body>[39m
    [36m<div>[39m
      [36m<div[39m
        [33mclass[39m=[32m"error"[39m
      [36m>[39m
        [36m<p>[39m
          [0mID inv├álid.[0m
        [36m</p>[39m
        [36m<button>[39m
          [0mÔåÉ Tornar[0m
        [36m</button>[39m
      [36m</div>[39m
    [36m</div>[39m
  [36m</body>[39m
[36m</html>[39m...
   ├ù RutaDetall page > renderiza con usuario autenticado 1011ms
     ÔåÆ expected "spy" to be called at least once

Ignored nodes: comments, script, style
[36m<html>[39m
  [36m<head />[39m
  [36m<body>[39m
    [36m<div>[39m
      [36m<div[39m
        [33mclass[39m=[32m"error"[39m
      [36m>[39m
        [36m<p>[39m
          [0mID inv├álid.[0m
        [36m</p>[39m
        [36m<button>[39m
          [0mÔåÉ Tornar[0m
        [36m</button>[39m
      [36m</div>[39m
    [36m</div>[39m
  [36m</body>[39m
[36m</html>[39m...
   ├ù RutaDetall page > muestra informaci├│n del trip 1009ms
     ÔåÆ Unable to find an element with the text: Test Trip. This could be because the text is broken up by multiple elements. In this case, you can provide a function for your text matcher to make your matcher more flexible.

Ignored nodes: comments, script, style
[36m<body>[39m
  [36m<div>[39m
    [36m<div[39m
      [33mclass[39m=[32m"error"[39m
    [36m>[39m
      [36m<p>[39m
        [0mID inv├álid.[0m
      [36m</p>[39m
      [36m<button>[39m
        [0mÔåÉ Tornar[0m
      [36m</button>[39m
    [36m</div>[39m
  [36m</div>[39m
[36m</body>[39m

Ignored nodes: comments, script, style
[36m<html>[39m
  [36m<head />[39m
  [36m<body>[39m
    [36m<div>[39m
      [36m<div[39m
        [33mclass[39m=[32m"error"[39m
      [36m>[39m
        [36m<p>[39m
          [0mID inv├álid.[0m
        [36m</p>[39m
        [36m<button>[39m
          [0mÔåÉ Tornar[0m
        [36m</button>[39m
      [36m</div>[39m
    [36m</div>[39m
  [36m</body>[39m
[36m</html>[39m...
   ├ù RutaDetall page > muestra EtapesList con puntos del trip 1016ms
     ÔåÆ expected "spy" to be called at least once

Ignored nodes: comments, script, style
[36m<html>[39m
  [36m<head />[39m
  [36m<body>[39m
    [36m<div>[39m
      [36m<div[39m
        [33mclass[39m=[32m"error"[39m
      [36m>[39m
        [36m<p>[39m
          [0mID inv├álid.[0m
        [36m</p>[39m
        [36m<button>[39m
          [0mÔåÉ Tornar[0m
        [36m</button>[39m
      [36m</div>[39m
    [36m</div>[39m
  [36m</body>[39m
[36m</html>[39m...
   ├ù RutaDetall page > abre modal de valoraci├│n 1012ms
     ÔåÆ expected "spy" to be called at least once

Ignored nodes: comments, script, style
[36m<html>[39m
  [36m<head />[39m
  [36m<body>[39m
    [36m<div>[39m
      [36m<div[39m
        [33mclass[39m=[32m"error"[39m
      [36m>[39m
        [36m<p>[39m
          [0mID inv├álid.[0m
        [36m</p>[39m
        [36m<button>[39m
          [0mÔåÉ Tornar[0m
        [36m</button>[39m
      [36m</div>[39m
    [36m</div>[39m
  [36m</body>[39m
[36m</html>[39m...
   ├ù RutaDetall page > muestra comentarios 1011ms
     ÔåÆ expected "spy" to be called at least once

Ignored nodes: comments, script, style
[36m<html>[39m
  [36m<head />[39m
  [36m<body>[39m
    [36m<div>[39m
      [36m<div[39m
        [33mclass[39m=[32m"error"[39m
      [36m>[39m
        [36m<p>[39m
          [0mID inv├álid.[0m
        [36m</p>[39m
        [36m<button>[39m
          [0mÔåÉ Tornar[0m
        [36m</button>[39m
      [36m</div>[39m
    [36m</div>[39m
  [36m</body>[39m
[36m</html>[39m...
   ├ù RutaDetall page > sigue a usuario correctamente 1012ms
     ÔåÆ expected "spy" to be called at least once

Ignored nodes: comments, script, style
[36m<html>[39m
  [36m<head />[39m
  [36m<body>[39m
    [36m<div>[39m
      [36m<div[39m
        [33mclass[39m=[32m"error"[39m
      [36m>[39m
        [36m<p>[39m
          [0mID inv├álid.[0m
        [36m</p>[39m
        [36m<button>[39m
          [0mÔåÉ Tornar[0m
        [36m</button>[39m
      [36m</div>[39m
    [36m</div>[39m
  [36m</body>[39m
[36m</html>[39m...
   ├ù RutaDetall page > deja de seguir a usuario correctamente 1012ms
     ÔåÆ expected "spy" to be called at least once

Ignored nodes: comments, script, style
[36m<html>[39m
  [36m<head />[39m
  [36m<body>[39m
    [36m<div>[39m
      [36m<div[39m
        [33mclass[39m=[32m"error"[39m
      [36m>[39m
        [36m<p>[39m
          [0mID inv├álid.[0m
        [36m</p>[39m
        [36m<button>[39m
          [0mÔåÉ Tornar[0m
        [36m</button>[39m
      [36m</div>[39m
    [36m</div>[39m
  [36m</body>[39m
[36m</html>[39m...
   ├ù RutaDetall page > maneja errores de API correctamente 1011ms
     ÔåÆ Unable to find an element with the text: /No s'ha pogut carregar la ruta/i. This could be because the text is broken up by multiple elements. In this case, you can provide a function for your text matcher to make your matcher more flexible.

Ignored nodes: comments, script, style
[36m<body>[39m
  [36m<div>[39m
    [36m<div[39m
      [33mclass[39m=[32m"error"[39m
    [36m>[39m
      [36m<p>[39m
        [0mID inv├álid.[0m
      [36m</p>[39m
      [36m<button>[39m
        [0mÔåÉ Tornar[0m
      [36m</button>[39m
    [36m</div>[39m
  [36m</div>[39m
[36m</body>[39m

Ignored nodes: comments, script, style
[36m<html>[39m
  [36m<head />[39m
  [36m<body>[39m
    [36m<div>[39m
      [36m<div[39m
        [33mclass[39m=[32m"error"[39m
      [36m>[39m
        [36m<p>[39m
          [0mID inv├álid.[0m
        [36m</p>[39m
        [36m<button>[39m
          [0mÔåÉ Tornar[0m
        [36m</button>[39m
      [36m</div>[39m
    [36m</div>[39m
  [36m</body>[39m
[36m</html>[39m...

ÔÄ»ÔÄ»ÔÄ»ÔÄ»ÔÄ»ÔÄ» Failed Tests 29 ÔÄ»ÔÄ»ÔÄ»ÔÄ»ÔÄ»ÔÄ»ÔÄ»

 FAIL  src/__tests__/Home.test.tsx > Home page > muestra el t├¡tulo, el hero y el mensaje sin rutas
TestingLibraryElementError: Unable to find an element with the text: /Descobreix rutes d'un dia ideals per escapades 
expr├®s/i. This could be because the text is broken up by multiple elements. In this case, you can provide a function 
for your text matcher to make your matcher more flexible.

Ignored nodes: comments, script, style
[36m<body>[39m
  [36m<div>[39m
    [36m<div[39m
      [33mclass[39m=[32m"layout home"[39m
    [36m>[39m
      [36m<header[39m
        [33mclass[39m=[32m"main-header variant-home"[39m
      [36m>[39m
        [36m<div[39m
          [33mclass[39m=[32m"header-left"[39m
        [36m/>[39m
        [36m<h1[39m
          [33mclass[39m=[32m"logo"[39m
        [36m>[39m
          [0mOneDayOneTrip[0m
        [36m</h1>[39m
        [36m<div[39m
          [33mclass[39m=[32m"header-right"[39m
        [36m>[39m
          [36m<button[39m
            [33mclass[39m=[32m"header-btn login"[39m
          [36m>[39m
            [0mIniciar sessi├│[0m
          [36m</button>[39m
          [36m<button[39m
            [33mclass[39m=[32m"header-btn register"[39m
          [36m>[39m
            [0mRegistrar-se[0m
          [36m</button>[39m
        [36m</div>[39m
      [36m</header>[39m
      [36m<main[39m
        [33mclass[39m=[32m"layout-content"[39m
      [36m>[39m
        [36m<div[39m
          [33mdata-testid[39m=[32m"carousel"[39m
        [36m>[39m
          [0mCarousel[0m
        [36m</div>[39m
        [36m<section[39m
          [33mclass[39m=[32m"intro-text"[39m
        [36m>[39m
          [36m<p>[39m
            [0mDescobreix rutes dÔÇÖun dia ideals per escapades expr├®s![0m
          [36m</p>[39m
          [36m<p>[39m
            [0mRutes guiades amb horaris, dificultat i recomanacions locals perqu├¿ aprofitis al m├áxim cada 
ciutat.[0m
          [36m</p>[39m
        [36m</section>[39m
        [36m<section[39m
          [33mclass[39m=[32m"trip-list-section"[39m
        [36m>[39m
          [36m<div[39m
            [33mclass[39m=[32m"no-trips-message"[39m
          [36m>[39m
            [36m<img[39m
              [33malt[39m=[32m"Sense rutes"[39m
              [33mclass[39m=[32m"no-trips-icon"[39m
              [33msrc[39m=[32m"https://cdn-icons-png.flaticon.com/512/7112/7112926.png"[39m
            [36m/>[39m
            [36m<p>[39m
              [0mEncara no hi ha rutes recomanades per mostrar.[0m
            [36m</p>[39m
          [36m</div>[39m
        [36m</section>[39m
      [36m</main>[39m
      [36m<footer[39m
        [33mclass[39m=[32m"bg-gray-800 text-white py-4 mt-8"[39m
        [33mstyle[39m=[32m"margin-top: 50px; background-color: rgb(46, 73, 46); height: 200px; color: rgb(255, 255, 
255); padding-left: 30px; padding-top: 1px;"[39m
      [36m>[39m
        [36m<div[39m
          [33mstyle[39m=[32m"height: 3px; background-color: rgb(46, 73, 46);"[39m
        [36m/>[39m
        [36m<div[39m
          [33mstyle[39m=[32m"display: grid; grid-template-columns: repeat(2, 1fr);"[39m
        [36m>[39m
          [36m<div[39m
            [33mclass[39m=[32m"container mx-auto text-center"[39m
          [36m>[39m
            [36m<h2>[39m
              [0mOneDayOneTrip[0m
            [36m</h2>[39m
            [36m<p>[39m
              [0m┬® [0m
              [0m2025[0m
              [0m OneDayOneTrip.All rights reserved.[0m
            [36m</p>[39m
          [36m</div>[39m
          [36m<div>[39m
            [36m<h2>[39m
              [0mContacte[0m
            [36m</h2>[39m
            [36m<p>[39m
              [0m [0m
              [36m<a[39m
                [33mhref[39m=[32m"mailto:help@onedayonetrip.com"[39m
                [33mstyle[39m=[32m"color: rgb(255, 255, 255); text-decoration: none;"[39m
              [36m>[39m
                [0mhelp@onedayonetrip.com[0m
              [36m</a>[39m
            [36m</p>[39m
            [36m<p>[39m
              [36m<a[39m
                [33mhref[39m=[32m"tel:+34 123 456 789"[39m
                [33mstyle[39m=[32m"color: rgb(255, 255, 255); text-decoration: none;"[39m
              [36m>[39m
                [0m+34 123 456 789[0m
              [36m</a>[39m
            [36m</p>[39m
          [36m</div>[39m
        [36m</div>[39m
      [36m</footer>[39m
    [36m</div>[39m
  [36m</div>[39m
[36m</body>[39m
 ÔØ» Object.getElementError node_modules/@testing-library/dom/dist/config.js:37:19
 ÔØ» node_modules/@testing-library/dom/dist/query-helpers.js:76:38
 ÔØ» node_modules/@testing-library/dom/dist/query-helpers.js:52:17
 ÔØ» node_modules/@testing-library/dom/dist/query-helpers.js:95:19
 ÔØ» src/__tests__/Home.test.tsx:77:19
     75|       expect(screen.getAllByRole("heading", { name: /OneDayOneTrip/i }ÔÇª
     76|     });
     77|     expect(screen.getByText(/Descobreix rutes d'un dia ideals per escaÔÇª
       |                   ^
     78|   });
     79| 

ÔÄ»ÔÄ»ÔÄ»ÔÄ»ÔÄ»ÔÄ»ÔÄ»ÔÄ»ÔÄ»ÔÄ»ÔÄ»ÔÄ»ÔÄ»ÔÄ»ÔÄ»ÔÄ»ÔÄ»ÔÄ»ÔÄ»ÔÄ»ÔÄ»ÔÄ»ÔÄ»[1/29]ÔÄ»

 FAIL  src/__tests__/Home.test.tsx > Home page > carga y muestra trips correctamente
Error: expect(element).toHaveTextContent()

Expected element to have text content:
  2 trips
Received:
  0 trips

Ignored nodes: comments, script, style
[36m<html>[39m
  [36m<head />[39m
  [36m<body>[39m
    [36m<div>[39m
      [36m<div[39m
        [33mclass[39m=[32m"layout home"[39m
      [36m>[39m
        [36m<header[39m
          [33mclass[39m=[32m"main-header variant-home"[39m
        [36m>[39m
          [36m<div[39m
            [33mclass[39m=[32m"header-left"[39m
          [36m/>[39m
          [36m<h1[39m
            [33mclass[39m=[32m"logo"[39m
          [36m>[39m
            [0mOneDayOneTrip[0m
          [36m</h1>[39m
          [36m<div[39m
            [33mclass[39m=[32m"header-right"[39m
          [36m>[39m
            [36m<button[39m
              [33mclass[39m=[32m"header-btn login"[39m
            [36m>[39m
              [0mIniciar sessi├│[0m
            [36m</button>[39m
            [36m<button[39m
              [33mclass[39m=[32m"header-btn register"[39m
            [36m>[39m
              [0mRegistrar-se[0m
            [36m</button>[39m
          [36m</div>[39m
        [36m</header>[39m
        [36m<main[39m
          [33mclass[39m=[32m"layout-content"[39m
        [36m>[39m
          [36m<div[39m
            [33mdata-testid[39m=[32m"carousel"[39m
          [36m>[39m
            [0mCarousel[0m
          [36m</div>[39m
          [36m<section[39m
            [33mclass[39m=[32m"intro-text"[39m
          [36m>[39m
            [36m<p>[39m
              [0mDescobreix rutes dÔÇÖun dia ideals per escapades expr├®s![0m
            [36m</p>[39m
            [36m<p>[39m
              [0mRutes guiades amb horaris, dificultat i recomanacions locals perqu├¿ aprofitis al m├áxim cada 
ciutat.[0m
            [36m</p>[39m
          [36m</section>[39m
          [36m<section[39m
            [33mclass[39m=[32m"trip-list-section"[39m
          [36m>[39m
            [36m<div[39m
              [33mdata-testid[39m=[32m"masonry-grid"[39m
            [36m>[39m
              [0m0[0m
              [0m trips[0m
            [36m</div>[39m
          [36m</section>[39m
        [36m</main>[39m
        [36m<footer[39m
          [33mclass[39m=[32m"bg-gray-800 text-white py-4 mt-8"[39m
          [33mstyle[39m=[32m"margin-top: 50px; background-color: rgb(46, 73, 46); height: 200px; color: rgb(255, 
255, 255); padding-left: 30px; padding-top: 1px;"[39m
        [36m>[39m
          [36m<div[39m
            [33mstyle[39m=[32m"height: 3px; background-color: rgb(46, 73, 46);"[39m
          [36m/>[39m
          [36m<div[39m
            [33mstyle[39m=[32m"display: grid; grid-template-columns: repeat(2, 1fr);"[39m
          [36m>[39m
            [36m<div[39m
              [33mclass[39m=[32m"container mx-auto text-center"[39m
            [36m>[39m
              [36m<h2>[39m
                [0mOneDayOneTrip[0m
              [36m</h2>[39m
              [36m<p>[39m
                [0m┬® [0m
                [0m2025[0m
                [0m OneDayOneTrip.All rights reserved.[0m
              [36m</p>[39m
            [36m</div>[39m
            [36m<div>[39m
              [36m<h2>[39m
                [0mContacte[0m
              [36m</h2>[39m
              [36m<p>[39m
                [0m [0m
                [36m<a[39m
                  [33mhref[39m=[32m"mailto:help@onedayonetrip.com"[39m
                  [33mstyle[39m=[32m"color: rgb(255, 255, 255); text-decoration: none;"[39m
                [36m>[39m
                  [0mhelp@onedayonetrip.com[0m
                [36m</a>[39m
              [36m</p>[39m
              [36m<p>[39m
                [36m<a[39m
                  [33mhref[39m=[32m"tel:+34 123 456 789"[39m
                  [33mstyle[39m=[32m"color: rgb(255, 255, 255); text-decoration: none;"[39m
                [36m>[39m
                  [0m+34 123 456 789[0m
                [36m</a>[39m
              [36m</p>[39m
            [36m</div>[39m
          [36m</div>[39m
        [36m</footer>[39m
      [36m</div>[39m
    [36m</div>[39m
  [36m</body>[39m
[36m</html>[39m...
 ÔØ» __vi_import_1__.waitFor.timeout src/__tests__/Home.test.tsx:128:22
    126|       const grid = screen.queryByTestId("masonry-grid");
    127|       if (grid) {
    128|         expect(grid).toHaveTextContent("2 trips");
       |                      ^
    129|       } else {
    130|         // Si no hay grid, verificar que al menos se cargaron los trips
 ÔØ» runWithExpensiveErrorDiagnosticsDisabled node_modules/@testing-library/dom/dist/config.js:47:12
 ÔØ» checkCallback node_modules/@testing-library/dom/dist/wait-for.js:124:77
 ÔØ» Timeout.checkRealTimersCallback node_modules/@testing-library/dom/dist/wait-for.js:118:16

ÔÄ»ÔÄ»ÔÄ»ÔÄ»ÔÄ»ÔÄ»ÔÄ»ÔÄ»ÔÄ»ÔÄ»ÔÄ»ÔÄ»ÔÄ»ÔÄ»ÔÄ»ÔÄ»ÔÄ»ÔÄ»ÔÄ»ÔÄ»ÔÄ»ÔÄ»ÔÄ»[2/29]ÔÄ»

 FAIL  src/__tests__/RutaDetall.test.tsx > RutaDetall page > renderiza loading inicial
AssertionError: expected "spy" to be called at least once

Ignored nodes: comments, script, style
[36m<html>[39m
  [36m<head />[39m
  [36m<body>[39m
    [36m<div>[39m
      [36m<div[39m
        [33mclass[39m=[32m"error"[39m
      [36m>[39m
        [36m<p>[39m
          [0mID inv├álid.[0m
        [36m</p>[39m
        [36m<button>[39m
          [0mÔåÉ Tornar[0m
        [36m</button>[39m
      [36m</div>[39m
    [36m</div>[39m
  [36m</body>[39m
[36m</html>[39m...
 ÔØ» src/__tests__/RutaDetall.test.tsx:172:31
    170|     // Verificar que se est├í cargando
    171|     await waitFor(() => {
    172|       expect(mockGetTripById).toHaveBeenCalled();
       |                               ^
    173|     });
    174|   });
 ÔØ» runWithExpensiveErrorDiagnosticsDisabled node_modules/@testing-library/dom/dist/config.js:47:12
 ÔØ» checkCallback node_modules/@testing-library/dom/dist/wait-for.js:124:77
 ÔØ» Timeout.checkRealTimersCallback node_modules/@testing-library/dom/dist/wait-for.js:118:16

ÔÄ»ÔÄ»ÔÄ»ÔÄ»ÔÄ»ÔÄ»ÔÄ»ÔÄ»ÔÄ»ÔÄ»ÔÄ»ÔÄ»ÔÄ»ÔÄ»ÔÄ»ÔÄ»ÔÄ»ÔÄ»ÔÄ»ÔÄ»ÔÄ»ÔÄ»ÔÄ»[3/29]ÔÄ»

 FAIL  src/__tests__/RutaDetall.test.tsx > RutaDetall page > carga y muestra trip por ID v├ílido
AssertionError: expected "spy" to be called with arguments: [ 'trip-123' ]

Received: 



Number of calls: 0


Ignored nodes: comments, script, style
[36m<html>[39m
  [36m<head />[39m
  [36m<body>[39m
    [36m<div>[39m
      [36m<div[39m
        [33mclass[39m=[32m"error"[39m
      [36m>[39m
        [36m<p>[39m
          [0mID inv├álid.[0m
        [36m</p>[39m
        [36m<button>[39m
          [0mÔåÉ Tornar[0m
        [36m</button>[39m
      [36m</div>[39m
    [36m</div>[39m
  [36m</body>[39m
[36m</html>[39m...
 ÔØ» src/__tests__/RutaDetall.test.tsx:186:31
    184| 
    185|     await waitFor(() => {
    186|       expect(mockGetTripById).toHaveBeenCalledWith("trip-123");
       |                               ^
    187|     });
    188| 
 ÔØ» runWithExpensiveErrorDiagnosticsDisabled node_modules/@testing-library/dom/dist/config.js:47:12
 ÔØ» checkCallback node_modules/@testing-library/dom/dist/wait-for.js:124:77
 ÔØ» Timeout.checkRealTimersCallback node_modules/@testing-library/dom/dist/wait-for.js:118:16

ÔÄ»ÔÄ»ÔÄ»ÔÄ»ÔÄ»ÔÄ»ÔÄ»ÔÄ»ÔÄ»ÔÄ»ÔÄ»ÔÄ»ÔÄ»ÔÄ»ÔÄ»ÔÄ»ÔÄ»ÔÄ»ÔÄ»ÔÄ»ÔÄ»ÔÄ»ÔÄ»[4/29]ÔÄ»

 FAIL  src/__tests__/RutaDetall.test.tsx > RutaDetall page > muestra error cuando trip no existe
TestingLibraryElementError: Unable to find an element with the text: /No s'ha pogut carregar la ruta/i. This could be 
because the text is broken up by multiple elements. In this case, you can provide a function for your text matcher to 
make your matcher more flexible.

Ignored nodes: comments, script, style
[36m<body>[39m
  [36m<div>[39m
    [36m<div[39m
      [33mclass[39m=[32m"error"[39m
    [36m>[39m
      [36m<p>[39m
        [0mID inv├álid.[0m
      [36m</p>[39m
      [36m<button>[39m
        [0mÔåÉ Tornar[0m
      [36m</button>[39m
    [36m</div>[39m
  [36m</div>[39m
[36m</body>[39m

Ignored nodes: comments, script, style
[36m<html>[39m
  [36m<head />[39m
  [36m<body>[39m
    [36m<div>[39m
      [36m<div[39m
        [33mclass[39m=[32m"error"[39m
      [36m>[39m
        [36m<p>[39m
          [0mID inv├álid.[0m
        [36m</p>[39m
        [36m<button>[39m
          [0mÔåÉ Tornar[0m
        [36m</button>[39m
      [36m</div>[39m
    [36m</div>[39m
  [36m</body>[39m
[36m</html>[39m...
 ÔØ» Module.waitForWrapper node_modules/@testing-library/dom/dist/wait-for.js:163:27
 ÔØ» src/__tests__/RutaDetall.test.tsx:205:11
    203|     });
    204| 
    205|     await waitFor(() => {
       |           ^
    206|       expect(screen.getByText(/No s'ha pogut carregar la ruta/i)).toBeÔÇª
    207|     });

ÔÄ»ÔÄ»ÔÄ»ÔÄ»ÔÄ»ÔÄ»ÔÄ»ÔÄ»ÔÄ»ÔÄ»ÔÄ»ÔÄ»ÔÄ»ÔÄ»ÔÄ»ÔÄ»ÔÄ»ÔÄ»ÔÄ»ÔÄ»ÔÄ»ÔÄ»ÔÄ»[5/29]ÔÄ»

 FAIL  src/__tests__/RutaDetall.test.tsx > RutaDetall page > muestra error cuando ID es inv├ílido
AssertionError: expected "spy" to be called at least once

Ignored nodes: comments, script, style
[36m<html>[39m
  [36m<head />[39m
  [36m<body>[39m
    [36m<div>[39m
      [36m<div[39m
        [33mclass[39m=[32m"error"[39m
      [36m>[39m
        [36m<p>[39m
          [0mID inv├álid.[0m
        [36m</p>[39m
        [36m<button>[39m
          [0mÔåÉ Tornar[0m
        [36m</button>[39m
      [36m</div>[39m
    [36m</div>[39m
  [36m</body>[39m
[36m</html>[39m...
 ÔØ» src/__tests__/RutaDetall.test.tsx:228:31
    226|     // Verificar que se maneja el error (puede ser que no muestre el mÔÇª
    227|     await waitFor(() => {
    228|       expect(mockGetTripById).toHaveBeenCalled();
       |                               ^
    229|     });
    230|   });
 ÔØ» runWithExpensiveErrorDiagnosticsDisabled node_modules/@testing-library/dom/dist/config.js:47:12
 ÔØ» checkCallback node_modules/@testing-library/dom/dist/wait-for.js:124:77
 ÔØ» Timeout.checkRealTimersCallback node_modules/@testing-library/dom/dist/wait-for.js:118:16

ÔÄ»ÔÄ»ÔÄ»ÔÄ»ÔÄ»ÔÄ»ÔÄ»ÔÄ»ÔÄ»ÔÄ»ÔÄ»ÔÄ»ÔÄ»ÔÄ»ÔÄ»ÔÄ»ÔÄ»ÔÄ»ÔÄ»ÔÄ»ÔÄ»ÔÄ»ÔÄ»[6/29]ÔÄ»

 FAIL  src/__tests__/RutaDetall.test.tsx > RutaDetall page > renderiza con usuario autenticado
AssertionError: expected "spy" to be called at least once

Ignored nodes: comments, script, style
[36m<html>[39m
  [36m<head />[39m
  [36m<body>[39m
    [36m<div>[39m
      [36m<div[39m
        [33mclass[39m=[32m"error"[39m
      [36m>[39m
        [36m<p>[39m
          [0mID inv├álid.[0m
        [36m</p>[39m
        [36m<button>[39m
          [0mÔåÉ Tornar[0m
        [36m</button>[39m
      [36m</div>[39m
    [36m</div>[39m
  [36m</body>[39m
[36m</html>[39m...
 ÔØ» src/__tests__/RutaDetall.test.tsx:253:31
    251| 
    252|     await waitFor(() => {
    253|       expect(mockGetTripById).toHaveBeenCalled();
       |                               ^
    254|     });
    255|   });
 ÔØ» runWithExpensiveErrorDiagnosticsDisabled node_modules/@testing-library/dom/dist/config.js:47:12
 ÔØ» checkCallback node_modules/@testing-library/dom/dist/wait-for.js:124:77
 ÔØ» Timeout.checkRealTimersCallback node_modules/@testing-library/dom/dist/wait-for.js:118:16

ÔÄ»ÔÄ»ÔÄ»ÔÄ»ÔÄ»ÔÄ»ÔÄ»ÔÄ»ÔÄ»ÔÄ»ÔÄ»ÔÄ»ÔÄ»ÔÄ»ÔÄ»ÔÄ»ÔÄ»ÔÄ»ÔÄ»ÔÄ»ÔÄ»ÔÄ»ÔÄ»[7/29]ÔÄ»

 FAIL  src/__tests__/RutaDetall.test.tsx > RutaDetall page > muestra informaci├│n del trip
TestingLibraryElementError: Unable to find an element with the text: Test Trip. This could be because the text is 
broken up by multiple elements. In this case, you can provide a function for your text matcher to make your matcher 
more flexible.

Ignored nodes: comments, script, style
[36m<body>[39m
  [36m<div>[39m
    [36m<div[39m
      [33mclass[39m=[32m"error"[39m
    [36m>[39m
      [36m<p>[39m
        [0mID inv├álid.[0m
      [36m</p>[39m
      [36m<button>[39m
        [0mÔåÉ Tornar[0m
      [36m</button>[39m
    [36m</div>[39m
  [36m</div>[39m
[36m</body>[39m

Ignored nodes: comments, script, style
[36m<html>[39m
  [36m<head />[39m
  [36m<body>[39m
    [36m<div>[39m
      [36m<div[39m
        [33mclass[39m=[32m"error"[39m
      [36m>[39m
        [36m<p>[39m
          [0mID inv├álid.[0m
        [36m</p>[39m
        [36m<button>[39m
          [0mÔåÉ Tornar[0m
        [36m</button>[39m
      [36m</div>[39m
    [36m</div>[39m
  [36m</body>[39m
[36m</html>[39m...
 ÔØ» Module.waitForWrapper node_modules/@testing-library/dom/dist/wait-for.js:163:27
 ÔØ» src/__tests__/RutaDetall.test.tsx:266:11
    264|     });
    265| 
    266|     await waitFor(() => {
       |           ^
    267|       expect(screen.getByText("Test Trip")).toBeInTheDocument();
    268|     });

ÔÄ»ÔÄ»ÔÄ»ÔÄ»ÔÄ»ÔÄ»ÔÄ»ÔÄ»ÔÄ»ÔÄ»ÔÄ»ÔÄ»ÔÄ»ÔÄ»ÔÄ»ÔÄ»ÔÄ»ÔÄ»ÔÄ»ÔÄ»ÔÄ»ÔÄ»ÔÄ»[8/29]ÔÄ»

 FAIL  src/__tests__/RutaDetall.test.tsx > RutaDetall page > muestra EtapesList con puntos del trip
AssertionError: expected "spy" to be called at least once

Ignored nodes: comments, script, style
[36m<html>[39m
  [36m<head />[39m
  [36m<body>[39m
    [36m<div>[39m
      [36m<div[39m
        [33mclass[39m=[32m"error"[39m
      [36m>[39m
        [36m<p>[39m
          [0mID inv├álid.[0m
        [36m</p>[39m
        [36m<button>[39m
          [0mÔåÉ Tornar[0m
        [36m</button>[39m
      [36m</div>[39m
    [36m</div>[39m
  [36m</body>[39m
[36m</html>[39m...
 ÔØ» src/__tests__/RutaDetall.test.tsx:285:31
    283| 
    284|     await waitFor(() => {
    285|       expect(mockGetTripById).toHaveBeenCalled();
       |                               ^
    286|     });
    287| 
 ÔØ» runWithExpensiveErrorDiagnosticsDisabled node_modules/@testing-library/dom/dist/config.js:47:12
 ÔØ» checkCallback node_modules/@testing-library/dom/dist/wait-for.js:124:77
 ÔØ» Timeout.checkRealTimersCallback node_modules/@testing-library/dom/dist/wait-for.js:118:16

ÔÄ»ÔÄ»ÔÄ»ÔÄ»ÔÄ»ÔÄ»ÔÄ»ÔÄ»ÔÄ»ÔÄ»ÔÄ»ÔÄ»ÔÄ»ÔÄ»ÔÄ»ÔÄ»ÔÄ»ÔÄ»ÔÄ»ÔÄ»ÔÄ»ÔÄ»ÔÄ»[9/29]ÔÄ»

 FAIL  src/__tests__/RutaDetall.test.tsx > RutaDetall page > abre modal de valoraci├│n
AssertionError: expected "spy" to be called at least once

Ignored nodes: comments, script, style
[36m<html>[39m
  [36m<head />[39m
  [36m<body>[39m
    [36m<div>[39m
      [36m<div[39m
        [33mclass[39m=[32m"error"[39m
      [36m>[39m
        [36m<p>[39m
          [0mID inv├álid.[0m
        [36m</p>[39m
        [36m<button>[39m
          [0mÔåÉ Tornar[0m
        [36m</button>[39m
      [36m</div>[39m
    [36m</div>[39m
  [36m</body>[39m
[36m</html>[39m...
 ÔØ» src/__tests__/RutaDetall.test.tsx:312:31
    310| 
    311|     await waitFor(() => {
    312|       expect(mockGetTripById).toHaveBeenCalled();
       |                               ^
    313|     });
    314| 
 ÔØ» runWithExpensiveErrorDiagnosticsDisabled node_modules/@testing-library/dom/dist/config.js:47:12
 ÔØ» checkCallback node_modules/@testing-library/dom/dist/wait-for.js:124:77
 ÔØ» Timeout.checkRealTimersCallback node_modules/@testing-library/dom/dist/wait-for.js:118:16

ÔÄ»ÔÄ»ÔÄ»ÔÄ»ÔÄ»ÔÄ»ÔÄ»ÔÄ»ÔÄ»ÔÄ»ÔÄ»ÔÄ»ÔÄ»ÔÄ»ÔÄ»ÔÄ»ÔÄ»ÔÄ»ÔÄ»ÔÄ»ÔÄ»ÔÄ»[10/29]ÔÄ»

 FAIL  src/__tests__/RutaDetall.test.tsx > RutaDetall page > muestra comentarios
AssertionError: expected "spy" to be called at least once

Ignored nodes: comments, script, style
[36m<html>[39m
  [36m<head />[39m
  [36m<body>[39m
    [36m<div>[39m
      [36m<div[39m
        [33mclass[39m=[32m"error"[39m
      [36m>[39m
        [36m<p>[39m
          [0mID inv├álid.[0m
        [36m</p>[39m
        [36m<button>[39m
          [0mÔåÉ Tornar[0m
        [36m</button>[39m
      [36m</div>[39m
    [36m</div>[39m
  [36m</body>[39m
[36m</html>[39m...
 ÔØ» src/__tests__/RutaDetall.test.tsx:338:31
    336| 
    337|     await waitFor(() => {
    338|       expect(mockGetTripById).toHaveBeenCalled();
       |                               ^
    339|     });
    340| 
 ÔØ» runWithExpensiveErrorDiagnosticsDisabled node_modules/@testing-library/dom/dist/config.js:47:12
 ÔØ» checkCallback node_modules/@testing-library/dom/dist/wait-for.js:124:77
 ÔØ» Timeout.checkRealTimersCallback node_modules/@testing-library/dom/dist/wait-for.js:118:16

ÔÄ»ÔÄ»ÔÄ»ÔÄ»ÔÄ»ÔÄ»ÔÄ»ÔÄ»ÔÄ»ÔÄ»ÔÄ»ÔÄ»ÔÄ»ÔÄ»ÔÄ»ÔÄ»ÔÄ»ÔÄ»ÔÄ»ÔÄ»ÔÄ»ÔÄ»[11/29]ÔÄ»

 FAIL  src/__tests__/RutaDetall.test.tsx > RutaDetall page > sigue a usuario correctamente
AssertionError: expected "spy" to be called at least once

Ignored nodes: comments, script, style
[36m<html>[39m
  [36m<head />[39m
  [36m<body>[39m
    [36m<div>[39m
      [36m<div[39m
        [33mclass[39m=[32m"error"[39m
      [36m>[39m
        [36m<p>[39m
          [0mID inv├álid.[0m
        [36m</p>[39m
        [36m<button>[39m
          [0mÔåÉ Tornar[0m
        [36m</button>[39m
      [36m</div>[39m
    [36m</div>[39m
  [36m</body>[39m
[36m</html>[39m...
 ÔØ» src/__tests__/RutaDetall.test.tsx:370:31
    368| 
    369|     await waitFor(() => {
    370|       expect(mockGetTripById).toHaveBeenCalled();
       |                               ^
    371|     });
    372| 
 ÔØ» runWithExpensiveErrorDiagnosticsDisabled node_modules/@testing-library/dom/dist/config.js:47:12
 ÔØ» checkCallback node_modules/@testing-library/dom/dist/wait-for.js:124:77
 ÔØ» Timeout.checkRealTimersCallback node_modules/@testing-library/dom/dist/wait-for.js:118:16

ÔÄ»ÔÄ»ÔÄ»ÔÄ»ÔÄ»ÔÄ»ÔÄ»ÔÄ»ÔÄ»ÔÄ»ÔÄ»ÔÄ»ÔÄ»ÔÄ»ÔÄ»ÔÄ»ÔÄ»ÔÄ»ÔÄ»ÔÄ»ÔÄ»ÔÄ»[12/29]ÔÄ»

 FAIL  src/__tests__/RutaDetall.test.tsx > RutaDetall page > deja de seguir a usuario correctamente
AssertionError: expected "spy" to be called at least once

Ignored nodes: comments, script, style
[36m<html>[39m
  [36m<head />[39m
  [36m<body>[39m
    [36m<div>[39m
      [36m<div[39m
        [33mclass[39m=[32m"error"[39m
      [36m>[39m
        [36m<p>[39m
          [0mID inv├álid.[0m
        [36m</p>[39m
        [36m<button>[39m
          [0mÔåÉ Tornar[0m
        [36m</button>[39m
      [36m</div>[39m
    [36m</div>[39m
  [36m</body>[39m
[36m</html>[39m...
 ÔØ» src/__tests__/RutaDetall.test.tsx:410:31
    408| 
    409|     await waitFor(() => {
    410|       expect(mockGetTripById).toHaveBeenCalled();
       |                               ^
    411|     });
    412| 
 ÔØ» runWithExpensiveErrorDiagnosticsDisabled node_modules/@testing-library/dom/dist/config.js:47:12
 ÔØ» checkCallback node_modules/@testing-library/dom/dist/wait-for.js:124:77
 ÔØ» Timeout.checkRealTimersCallback node_modules/@testing-library/dom/dist/wait-for.js:118:16

ÔÄ»ÔÄ»ÔÄ»ÔÄ»ÔÄ»ÔÄ»ÔÄ»ÔÄ»ÔÄ»ÔÄ»ÔÄ»ÔÄ»ÔÄ»ÔÄ»ÔÄ»ÔÄ»ÔÄ»ÔÄ»ÔÄ»ÔÄ»ÔÄ»ÔÄ»[13/29]ÔÄ»

 FAIL  src/__tests__/RutaDetall.test.tsx > RutaDetall page > maneja errores de API correctamente
TestingLibraryElementError: Unable to find an element with the text: /No s'ha pogut carregar la ruta/i. This could be 
because the text is broken up by multiple elements. In this case, you can provide a function for your text matcher to 
make your matcher more flexible.

Ignored nodes: comments, script, style
[36m<body>[39m
  [36m<div>[39m
    [36m<div[39m
      [33mclass[39m=[32m"error"[39m
    [36m>[39m
      [36m<p>[39m
        [0mID inv├álid.[0m
      [36m</p>[39m
      [36m<button>[39m
        [0mÔåÉ Tornar[0m
      [36m</button>[39m
    [36m</div>[39m
  [36m</div>[39m
[36m</body>[39m

Ignored nodes: comments, script, style
[36m<html>[39m
  [36m<head />[39m
  [36m<body>[39m
    [36m<div>[39m
      [36m<div[39m
        [33mclass[39m=[32m"error"[39m
      [36m>[39m
        [36m<p>[39m
          [0mID inv├álid.[0m
        [36m</p>[39m
        [36m<button>[39m
          [0mÔåÉ Tornar[0m
        [36m</button>[39m
      [36m</div>[39m
    [36m</div>[39m
  [36m</body>[39m
[36m</html>[39m...
 ÔØ» Module.waitForWrapper node_modules/@testing-library/dom/dist/wait-for.js:163:27
 ÔØ» src/__tests__/RutaDetall.test.tsx:437:11
    435|     });
    436| 
    437|     await waitFor(() => {
       |           ^
    438|       expect(screen.getByText(/No s'ha pogut carregar la ruta/i)).toBeÔÇª
    439|     });

ÔÄ»ÔÄ»ÔÄ»ÔÄ»ÔÄ»ÔÄ»ÔÄ»ÔÄ»ÔÄ»ÔÄ»ÔÄ»ÔÄ»ÔÄ»ÔÄ»ÔÄ»ÔÄ»ÔÄ»ÔÄ»ÔÄ»ÔÄ»ÔÄ»ÔÄ»[14/29]ÔÄ»

 FAIL  src/__tests__/UserProfile.test.tsx > UserProfile page > renderiza loading inicial
ReferenceError: act is not defined
 ÔØ» src/__tests__/UserProfile.test.tsx:157:5
    155|     mockGetUserById.mockImplementation(() => new Promise(() => {})); /ÔÇª
    156| 
    157|     await act(async () => {
       |     ^
    158|       render(
    159|         <MemoryRouter>

ÔÄ»ÔÄ»ÔÄ»ÔÄ»ÔÄ»ÔÄ»ÔÄ»ÔÄ»ÔÄ»ÔÄ»ÔÄ»ÔÄ»ÔÄ»ÔÄ»ÔÄ»ÔÄ»ÔÄ»ÔÄ»ÔÄ»ÔÄ»ÔÄ»ÔÄ»[15/29]ÔÄ»

 FAIL  src/__tests__/UserProfile.test.tsx > UserProfile page > carga y muestra perfil del usuario actual
ReferenceError: act is not defined
 ÔØ» src/__tests__/UserProfile.test.tsx:171:5
    169| 
    170|   it("carga y muestra perfil del usuario actual", async () => {
    171|     await act(async () => {
       |     ^
    172|       render(
    173|         <MemoryRouter>

ÔÄ»ÔÄ»ÔÄ»ÔÄ»ÔÄ»ÔÄ»ÔÄ»ÔÄ»ÔÄ»ÔÄ»ÔÄ»ÔÄ»ÔÄ»ÔÄ»ÔÄ»ÔÄ»ÔÄ»ÔÄ»ÔÄ»ÔÄ»ÔÄ»ÔÄ»[16/29]ÔÄ»

 FAIL  src/__tests__/UserProfile.test.tsx > UserProfile page > muestra error cuando no se puede cargar perfil
TestingLibraryElementError: Unable to find an element with the text: /No s'ha pogut carregar el perfil/i. This could 
be because the text is broken up by multiple elements. In this case, you can provide a function for your text matcher 
to make your matcher more flexible.

Ignored nodes: comments, script, style
[36m<body>[39m
  [36m<div>[39m
    [36m<div[39m
      [33mdata-testid[39m=[32m"layout"[39m
    [36m>[39m
      [36m<div[39m
        [33mclass[39m=[32m"error-state"[39m
      [36m>[39m
        [0mNetwork error[0m
      [36m</div>[39m
    [36m</div>[39m
  [36m</div>[39m
[36m</body>[39m

Ignored nodes: comments, script, style
[36m<html>[39m
  [36m<head />[39m
  [36m<body>[39m
    [36m<div>[39m
      [36m<div[39m
        [33mdata-testid[39m=[32m"layout"[39m
      [36m>[39m
        [36m<div[39m
          [33mclass[39m=[32m"error-state"[39m
        [36m>[39m
          [0mNetwork error[0m
        [36m</div>[39m
      [36m</div>[39m
    [36m</div>[39m
  [36m</body>[39m
[36m</html>[39m
 ÔØ» Module.waitForWrapper node_modules/@testing-library/dom/dist/wait-for.js:163:27
 ÔØ» src/__tests__/UserProfile.test.tsx:197:11
    195|     );
    196| 
    197|     await waitFor(() => {
       |           ^
    198|       expect(screen.getByText(/No s'ha pogut carregar el perfil/i)).toÔÇª
    199|     });

ÔÄ»ÔÄ»ÔÄ»ÔÄ»ÔÄ»ÔÄ»ÔÄ»ÔÄ»ÔÄ»ÔÄ»ÔÄ»ÔÄ»ÔÄ»ÔÄ»ÔÄ»ÔÄ»ÔÄ»ÔÄ»ÔÄ»ÔÄ»ÔÄ»ÔÄ»[17/29]ÔÄ»

 FAIL  src/__tests__/UserProfile.test.tsx > UserProfile page > muestra informaci├│n del usuario
TestingLibraryElementError: Unable to find an element with the text: currentuser. This could be because the text is 
broken up by multiple elements. In this case, you can provide a function for your text matcher to make your matcher 
more flexible.

Ignored nodes: comments, script, style
[36m<body>[39m
  [36m<div>[39m
    [36m<div[39m
      [33mdata-testid[39m=[32m"layout"[39m
    [36m>[39m
      [36m<div[39m
        [33mclass[39m=[32m"user-profile"[39m
        [33mstyle[39m=[32m"position: relative;"[39m
      [36m>[39m
        [36m<button[39m
          [33mclass[39m=[32m"edit-profile-btn"[39m
        [36m>[39m
          [0m [0m
          [36m<svg[39m
            [33maria-hidden[39m=[32m"true"[39m
            [33mclass[39m=[32m"lucide lucide-pencil"[39m
            [33mfill[39m=[32m"none"[39m
            [33mheight[39m=[32m"22"[39m
            [33mstroke[39m=[32m"currentColor"[39m
            [33mstroke-linecap[39m=[32m"round"[39m
            [33mstroke-linejoin[39m=[32m"round"[39m
            [33mstroke-width[39m=[32m"2"[39m
            [33mviewBox[39m=[32m"0 0 24 24"[39m
            [33mwidth[39m=[32m"22"[39m
            [33mxmlns[39m=[32m"http://www.w3.org/2000/svg"[39m
          [36m>[39m
            [36m<path[39m
              [33md[39m=[32m"M21.174 6.812a1 1 0 0 0-3.986-3.987L3.842 16.174a2 2 0 0 0-.5.83l-1.321 4.352a.5.5 0 0 
0 .623.622l4.353-1.32a2 2 0 0 0 .83-.497z"[39m
            [36m/>[39m
            [36m<path[39m
              [33md[39m=[32m"m15 5 4 4"[39m
            [36m/>[39m
          [36m</svg>[39m
        [36m</button>[39m
        [36m<div[39m
          [33mclass[39m=[32m"user-photo"[39m
        [36m>[39m
          [36m<img[39m
            [33malt[39m=[32m"Foto de perfil"[39m
            [33msrc[39m=[32m"https://example.com/photo.jpg"[39m
          [36m/>[39m
        [36m</div>[39m
        [36m<div[39m
          [33mclass[39m=[32m"user-details"[39m
        [36m>[39m
          [36m<div[39m
            [33mclass[39m=[32m"user-info"[39m
          [36m>[39m
            [36m<h2>[39m
              [0mCurrent User[0m
            [36m</h2>[39m
            [36m<h3>[39m
              [0mcurrent@example.com[0m
            [36m</h3>[39m
          [36m</div>[39m
          [36m<div[39m
            [33mclass[39m=[32m"user-stats"[39m
          [36m>[39m
            [36m<div[39m
              [33mclass[39m=[32m"stat"[39m
            [36m>[39m
              [36m<span[39m
                [33mclass[39m=[32m"number"[39m
              [36m>[39m
                [0m1[0m
              [36m</span>[39m
              [36m<span[39m
                [33mclass[39m=[32m"label"[39m
              [36m>[39m
                [0mSeguidors[0m
              [36m</span>[39m
            [36m</div>[39m
            [36m<div[39m
              [33mclass[39m=[32m"stat"[39m
            [36m>[39m
              [36m<span[39m
                [33mclass[39m=[32m"number"[39m
              [36m>[39m
                [0m1[0m
              [36m</span>[39m
              [36m<span[39m
                [33mclass[39m=[32m"label"[39m
              [36m>[39m
                [0mSeguits[0m
              [36m</span>[39m
            [36m</div>[39m
            [36m<div[39m
              [33mclass[39m=[32m"stat"[39m
            [36m>[39m
              [36m<span[39m
                [33mclass[39m=[32m"number"[39m
              [36m>[39m
                [0m2[0m
              [36m</span>[39m
              [36m<span[39m
                [33mclass[39m=[32m"label"[39m
              [36m>[39m
                [0mPublicacions[0m
              [36m</span>[39m
            [36m</div>[39m
            [36m<div[39m
              [33mclass[39m=[32m"stat"[39m
            [36m>[39m
              [36m<span[39m
                [33mclass[39m=[32m"number"[39m
              [36m>[39m
                [0m1[0m
              [36m</span>[39m
              [36m<span[39m
                [33mclass[39m=[32m"label"[39m
              [36m>[39m
                [0mGuardades[0m
              [36m</span>[39m
            [36m</div>[39m
          [36m</div>[39m
        [36m</div>[39m
      [36m</div>[39m
      [36m<div[39m
        [33mclass[39m=[32m"tabs-container"[39m
        [33mdata-active[39m=[32m"publicacions"[39m
      [36m>[39m
        [36m<button[39m
          [33mclass[39m=[32m"tab-btn active"[39m
        [36m>[39m
          [0mPublicacions[0m
        [36m</button>[39m
        [36m<button[39m
          [33mclass[39m=[32m"tab-btn "[39m
        [36m>[39m
          [0mGuardat[0m
        [36m</button>[39m
      [36m</div>[39m
      [36m<section[39m
        [33mclass[39m=[32m"trip-list"[39m
      [36m>[39m
        [36m<div[39m
          [33mdata-testid[39m=[32m"masonry-grid"[39m
        [36m>[39m
          [0m2[0m
          [0m items[0m
        [36m</div>[39m
      [36m</section>[39m
    [36m</div>[39m
  [36m</div>[39m
[36m</body>[39m

Ignored nodes: comments, script, style
[36m<html>[39m
  [36m<head />[39m
  [36m<body>[39m
    [36m<div>[39m
      [36m<div[39m
        [33mdata-testid[39m=[32m"layout"[39m
      [36m>[39m
        [36m<div[39m
          [33mclass[39m=[32m"user-profile"[39m
          [33mstyle[39m=[32m"position: relative;"[39m
        [36m>[39m
          [36m<button[39m
            [33mclass[39m=[32m"edit-profile-btn"[39m
          [36m>[39m
            [0m [0m
            [36m<svg[39m
              [33maria-hidden[39m=[32m"true"[39m
              [33mclass[39m=[32m"lucide lucide-pencil"[39m
              [33mfill[39m=[32m"none"[39m
              [33mheight[39m=[32m"22"[39m
              [33mstroke[39m=[32m"currentColor"[39m
              [33mstroke-linecap[39m=[32m"round"[39m
              [33mstroke-linejoin[39m=[32m"round"[39m
              [33mstroke-width[39m=[32m"2"[39m
              [33mviewBox[39m=[32m"0 0 24 24"[39m
              [33mwidth[39m=[32m"22"[39m
              [33mxmlns[39m=[32m"http://www.w3.org/2000/svg"[39m
            [36m>[39m
              [36m<path[39m
                [33md[39m=[32m"M21.174 6.812a1 1 0 0 0-3.986-3.987L3.842 16.174a2 2 0 0 0-.5.83l-1.321 4.352a.5.5 0 
0 0 .623.622l4.353-1.32a2 2 0 0 0 .83-.497z"[39m
              [36m/>[39m
              [36m<path[39m
                [33md[39m=[32m"m15 5 4 4"[39m
              [36m/>[39m
            [36m</svg>[39m
          [36m</button>[39m
          [36m<div[39m
            [33mclass[39m=[32m"user-photo"[39m
          [36m>[39m
            [36m<img[39m
              [33malt[39m=[32m"Foto de perfil"[39m
              [33msrc[39m=[32m"https://example.com/photo.jpg"[39m
            [36m/>[39m
          [36m</div>[39m
          [36m<div[39m
            [33mclass[39m=[32m"user-details"[39m
          [36m>[39m
            [36m<div[39m
              [33mclass[39m=[32m"user-info"[39m
            [36m>[39m
              [36m<h2>[39m
                [0mCurrent User[0m
              [36m</h2>[39m
              [36m<h3>[39m
                [0mcurrent@example.com[0m
              [36m</h3>[39m
            [36m</div>[39m
            [36m<div[39m
              [33mclass[39m=[32m"user-stats"[39m
            [36m>[39m
              [36m<div[39m
                [33mclass[39m=[32m"stat"[39m
              [36m>[39m
                [36m<span[39m
                  [33mclass[39m=[32m"number"[39m
                [36m>[39m
                  [0m1[0m
                [36m</span>[39m
                [36m<span[39m
                  [33mclass[39m=[32m"label"[39m
                [36m>[39m
                  [0mSeguidors[0m
                [36m</span>[39m
              [36m</div>[39m
              [36m<div[39m
                [33mclass[39m=[32m"stat"[39m
              [36m>[39m
                [36m<span[39m
                  [33mclass[39m=[32m"number"[39m
                [36m>[39m
                  [0m1[0m
                [36m</span>[39m
                [36m<span[39m
                  [33mclass[39m=[32m"label"[39m
                [36m>[39m
                  [0mSeguits[0m
                [36m</span>[39m
              [36m</div>[39m
              [36m<div[39m
                [33mclass[39m=[32m"stat"[39m
              [36m>[39m
                [36m<span[39m
                  [33mclass[39m=[32m"number"[39m
                [36m>[39m
                  [0m2[0m
                [36m</span>[39m
                [36m<span[39m
                  [33mclass[39m=[32m"label"[39m
                [36m>[39m
                  [0mPublicacions[0m
                [36m</span>[39m
              [36m</div>[39m
              [36m<div[39m
                [33mclass[39m=[32m"stat"[39m
              [36m>[39m
                [36m<span[39m
                  [33mclass[39m=[32m"number"[39m
                [36m>[39m
                  [0m1[0m
                [36m</span>[39m
                [36m<span[39m
                  [33mclass[39m=[32m"label"[39m
                [36m>[39m
                  [0mGuardades[0m
                [36m</span>[39m
              [36m</div>[39m
            [36m</div>[39m
          [36m</div>[39m
        [36m</div>[39m
        [36m<div[39m
          [33mclass[39m=[32m"tabs-container"[39m
          [33mdata-active[39m=[32m"publicacions"[39m
        [36m>[39m
          [36m<button[39m
            [33mclass[39m=[32m"tab-btn active"[39m
          [36m>[39m
            [0mPublicacions[0m
          [36m</button>[39m
          [36m<button[39m
            [33mclass[39m=[32m"tab-btn "[39m
          [36m>[39m
            [0mGuardat[0m
          [36m</button>[39m
        [36m</div>[39m
        [36m<section[39m
          [33mclass[39m=[32m"trip-list"[39m
        [36m>[39m
          [36m<div[39m
            [33mdata-testid[39m=[32m"masonry-grid"[39m
          [36m>[39m
            [0m2[0m
            [0m items[0m
          [36m</div>[39m
        [36m</section>[39m
      [36m</div>[39m
    [36m</div>[39m
  [36m</body>[39m
[36m</html>[39m...
 ÔØ» Module.waitForWrapper node_modules/@testing-library/dom/dist/wait-for.js:163:27
 ÔØ» src/__tests__/UserProfile.test.tsx:209:11
    207|     );
    208| 
    209|     await waitFor(() => {
       |           ^
    210|       expect(screen.getByText("Current User")).toBeInTheDocument();
    211|       expect(screen.getByText("currentuser")).toBeInTheDocument();

ÔÄ»ÔÄ»ÔÄ»ÔÄ»ÔÄ»ÔÄ»ÔÄ»ÔÄ»ÔÄ»ÔÄ»ÔÄ»ÔÄ»ÔÄ»ÔÄ»ÔÄ»ÔÄ»ÔÄ»ÔÄ»ÔÄ»ÔÄ»ÔÄ»ÔÄ»[18/29]ÔÄ»

 FAIL  src/__tests__/UserProfile.test.tsx > UserProfile page > muestra contadores
TestingLibraryElementError: Found multiple elements with the text: /10|5|2/i

Here are the matching elements:

Ignored nodes: comments, script, style
[36m<span[39m
  [33mclass[39m=[32m"number"[39m
[36m>[39m
  [0m2[0m
[36m</span>[39m

Ignored nodes: comments, script, style
[36m<div[39m
  [33mdata-testid[39m=[32m"masonry-grid"[39m
[36m>[39m
  [0m2[0m
  [0m items[0m
[36m</div>[39m

(If this is intentional, then use the `*AllBy*` variant of the query (like `queryAllByText`, `getAllByText`, or 
`findAllByText`)).

Ignored nodes: comments, script, style
[36m<body>[39m
  [36m<div>[39m
    [36m<div[39m
      [33mdata-testid[39m=[32m"layout"[39m
    [36m>[39m
      [36m<div[39m
        [33mclass[39m=[32m"user-profile"[39m
        [33mstyle[39m=[32m"position: relative;"[39m
      [36m>[39m
        [36m<button[39m
          [33mclass[39m=[32m"edit-profile-btn"[39m
        [36m>[39m
          [0m [0m
          [36m<svg[39m
            [33maria-hidden[39m=[32m"true"[39m
            [33mclass[39m=[32m"lucide lucide-pencil"[39m
            [33mfill[39m=[32m"none"[39m
            [33mheight[39m=[32m"22"[39m
            [33mstroke[39m=[32m"currentColor"[39m
            [33mstroke-linecap[39m=[32m"round"[39m
            [33mstroke-linejoin[39m=[32m"round"[39m
            [33mstroke-width[39m=[32m"2"[39m
            [33mviewBox[39m=[32m"0 0 24 24"[39m
            [33mwidth[39m=[32m"22"[39m
            [33mxmlns[39m=[32m"http://www.w3.org/2000/svg"[39m
          [36m>[39m
            [36m<path[39m
              [33md[39m=[32m"M21.174 6.812a1 1 0 0 0-3.986-3.987L3.842 16.174a2 2 0 0 0-.5.83l-1.321 4.352a.5.5 0 0 
0 .623.622l4.353-1.32a2 2 0 0 0 .83-.497z"[39m
            [36m/>[39m
            [36m<path[39m
              [33md[39m=[32m"m15 5 4 4"[39m
            [36m/>[39m
          [36m</svg>[39m
        [36m</button>[39m
        [36m<div[39m
          [33mclass[39m=[32m"user-photo"[39m
        [36m>[39m
          [36m<img[39m
            [33malt[39m=[32m"Foto de perfil"[39m
            [33msrc[39m=[32m"https://example.com/photo.jpg"[39m
          [36m/>[39m
        [36m</div>[39m
        [36m<div[39m
          [33mclass[39m=[32m"user-details"[39m
        [36m>[39m
          [36m<div[39m
            [33mclass[39m=[32m"user-info"[39m
          [36m>[39m
            [36m<h2>[39m
              [0mCurrent User[0m
            [36m</h2>[39m
            [36m<h3>[39m
              [0mcurrent@example.com[0m
            [36m</h3>[39m
          [36m</div>[39m
          [36m<div[39m
            [33mclass[39m=[32m"user-stats"[39m
          [36m>[39m
            [36m<div[39m
              [33mclass[39m=[32m"stat"[39m
            [36m>[39m
              [36m<span[39m
                [33mclass[39m=[32m"number"[39m
              [36m>[39m
                [0m1[0m
              [36m</span>[39m
              [36m<span[39m
                [33mclass[39m=[32m"label"[39m
              [36m>[39m
                [0mSeguidors[0m
              [36m</span>[39m
            [36m</div>[39m
            [36m<div[39m
              [33mclass[39m=[32m"stat"[39m
            [36m>[39m
              [36m<span[39m
                [33mclass[39m=[32m"number"[39m
              [36m>[39m
                [0m1[0m
              [36m</span>[39m
              [36m<span[39m
                [33mclass[39m=[32m"label"[39m
              [36m>[39m
                [0mSeguits[0m
              [36m</span>[39m
            [36m</div>[39m
            [36m<div[39m
              [33mclass[39m=[32m"stat"[39m
            [36m>[39m
              [36m<span[39m
                [33mclass[39m=[32m"number"[39m
              [36m>[39m
                [0m2[0m
              [36m</span>[39m
              [36m<span[39m
                [33mclass[39m=[32m"label"[39m
              [36m>[39m
                [0mPublicacions[0m
              [36m</span>[39m
            [36m</div>[39m
            [36m<div[39m
              [33mclass[39m=[32m"stat"[39m
            [36m>[39m
              [36m<span[39m
                [33mclass[39m=[32m"number"[39m
              [36m>[39m
                [0m1[0m
              [36m</span>[39m
              [36m<span[39m
                [33mclass[39m=[32m"label"[39m
              [36m>[39m
                [0mGuardades[0m
              [36m</span>[39m
            [36m</div>[39m
          [36m</div>[39m
        [36m</div>[39m
      [36m</div>[39m
      [36m<div[39m
        [33mclass[39m=[32m"tabs-container"[39m
        [33mdata-active[39m=[32m"publicacions"[39m
      [36m>[39m
        [36m<button[39m
          [33mclass[39m=[32m"tab-btn active"[39m
        [36m>[39m
          [0mPublicacions[0m
        [36m</button>[39m
        [36m<button[39m
          [33mclass[39m=[32m"tab-btn "[39m
        [36m>[39m
          [0mGuardat[0m
        [36m</button>[39m
      [36m</div>[39m
      [36m<section[39m
        [33mclass[39m=[32m"trip-list"[39m
      [36m>[39m
        [36m<div[39m
          [33mdata-testid[39m=[32m"masonry-grid"[39m
        [36m>[39m
          [0m2[0m
          [0m items[0m
        [36m</div>[39m
      [36m</section>[39m
    [36m</div>[39m
  [36m</div>[39m
[36m</body>[39m

Ignored nodes: comments, script, style
[36m<html>[39m
  [36m<head />[39m
  [36m<body>[39m
    [36m<div>[39m
      [36m<div[39m
        [33mdata-testid[39m=[32m"layout"[39m
      [36m>[39m
        [36m<div[39m
          [33mclass[39m=[32m"user-profile"[39m
          [33mstyle[39m=[32m"position: relative;"[39m
        [36m>[39m
          [36m<button[39m
            [33mclass[39m=[32m"edit-profile-btn"[39m
          [36m>[39m
            [0m [0m
            [36m<svg[39m
              [33maria-hidden[39m=[32m"true"[39m
              [33mclass[39m=[32m"lucide lucide-pencil"[39m
              [33mfill[39m=[32m"none"[39m
              [33mheight[39m=[32m"22"[39m
              [33mstroke[39m=[32m"currentColor"[39m
              [33mstroke-linecap[39m=[32m"round"[39m
              [33mstroke-linejoin[39m=[32m"round"[39m
              [33mstroke-width[39m=[32m"2"[39m
              [33mviewBox[39m=[32m"0 0 24 24"[39m
              [33mwidth[39m=[32m"22"[39m
              [33mxmlns[39m=[32m"http://www.w3.org/2000/svg"[39m
            [36m>[39m
              [36m<path[39m
                [33md[39m=[32m"M21.174 6.812a1 1 0 0 0-3.986-3.987L3.842 16.174a2 2 0 0 0-.5.83l-1.321 4.352a.5.5 0 
0 0 .623.622l4.353-1.32a2 2 0 0 0 .83-.497z"[39m
              [36m/>[39m
              [36m<path[39m
                [33md[39m=[32m"m15 5 4 4"[39m
              [36m/>[39m
            [36m</svg>[39m
          [36m</button>[39m
          [36m<div[39m
            [33mclass[39m=[32m"user-photo"[39m
          [36m>[39m
            [36m<img[39m
              [33malt[39m=[32m"Foto de perfil"[39m
              [33msrc[39m=[32m"https://example.com/photo.jpg"[39m
            [36m/>[39m
          [36m</div>[39m
          [36m<div[39m
            [33mclass[39m=[32m"user-details"[39m
          [36m>[39m
            [36m<div[39m
              [33mclass[39m=[32m"user-info"[39m
            [36m>[39m
              [36m<h2>[39m
                [0mCurrent User[0m
              [36m</h2>[39m
              [36m<h3>[39m
                [0mcurrent@example.com[0m
              [36m</h3>[39m
            [36m</div>[39m
            [36m<div[39m
              [33mclass[39m=[32m"user-stats"[39m
            [36m>[39m
              [36m<div[39m
                [33mclass[39m=[32m"stat"[39m
              [36m>[39m
                [36m<span[39m
                  [33mclass[39m=[32m"number"[39m
                [36m>[39m
                  [0m1[0m
                [36m</span>[39m
                [36m<span[39m
                  [33mclass[39m=[32m"label"[39m
                [36m>[39m
                  [0mSeguidors[0m
                [36m</span>[39m
              [36m</div>[39m
              [36m<div[39m
                [33mclass[39m=[32m"stat"[39m
              [36m>[39m
                [36m<span[39m
                  [33mclass[39m=[32m"number"[39m
                [36m>[39m
                  [0m1[0m
                [36m</span>[39m
                [36m<span[39m
                  [33mclass[39m=[32m"label"[39m
                [36m>[39m
                  [0mSeguits[0m
                [36m</span>[39m
              [36m</div>[39m
              [36m<div[39m
                [33mclass[39m=[32m"stat"[39m
              [36m>[39m
                [36m<span[39m
                  [33mclass[39m=[32m"number"[39m
                [36m>[39m
                  [0m2[0m
                [36m</span>[39m
                [36m<span[39m
                  [33mclass[39m=[32m"label"[39m
                [36m>[39m
                  [0mPublicacions[0m
                [36m</span>[39m
              [36m</div>[39m
              [36m<div[39m
                [33mclass[39m=[32m"stat"[39m
              [36m>[39m
                [36m<span[39m
                  [33mclass[39m=[32m"number"[39m
                [36m>[39m
                  [0m1[0m
                [36m</span>[39m
                [36m<span[39m
                  [33mclass[39m=[32m"label"[39m
                [36m>[39m
                  [0mGuardades[0m
                [36m</span>[39m
              [36m</div>[39m
            [36m</div>[39m
          [36m</div>[39m
        [36m</div>[39m
        [36m<div[39m
          [33mclass[39m=[32m"tabs-container"[39m
          [33mdata-active[39m=[32m"publicacions"[39m
        [36m>[39m
          [36m<button[39m
            [33mclass[39m=[32m"tab-btn active"[39m
          [36m>[39m
            [0mPublicacions[0m
          [36m</button>[39m
          [36m<button[39m
            [33mclass[39m=[32m"tab-btn "[39m
          [36m>[39m
            [0mGuardat[0m
          [36m</button>[39m
        [36m</div>[39m
        [36m<section[39m
          [33mclass[39m=[32m"trip-list"[39m
        [36m>[39m
          [36m<div[39m
            [33mdata-testid[39m=[32m"masonry-grid"[39m
          [36m>[39m
            [0m2[0m
            [0m items[0m
          [36m</div>[39m
        [36m</section>[39m
      [36m</div>[39m
    [36m</div>[39m
  [36m</body>[39m
[36m</html>[39m...
 ÔØ» Module.waitForWrapper node_modules/@testing-library/dom/dist/wait-for.js:163:27
 ÔØ» src/__tests__/UserProfile.test.tsx:222:11
    220|     );
    221| 
    222|     await waitFor(() => {
       |           ^
    223|       // Buscar n├║meros de seguidores/seguidos/publicaciones
    224|       const text = screen.getByText(/10|5|2/i);

ÔÄ»ÔÄ»ÔÄ»ÔÄ»ÔÄ»ÔÄ»ÔÄ»ÔÄ»ÔÄ»ÔÄ»ÔÄ»ÔÄ»ÔÄ»ÔÄ»ÔÄ»ÔÄ»ÔÄ»ÔÄ»ÔÄ»ÔÄ»ÔÄ»ÔÄ»[19/29]ÔÄ»

 FAIL  src/__tests__/UserProfilePublic.test.tsx > UserProfilePublic page > renderiza loading inicial
ReferenceError: act is not defined
 ÔØ» src/__tests__/UserProfilePublic.test.tsx:135:5
    133|     mockGetUserById.mockImplementation(() => new Promise(() => {})); /ÔÇª
    134| 
    135|     await act(async () => {
       |     ^
    136|       render(
    137|         <MemoryRouter>

ÔÄ»ÔÄ»ÔÄ»ÔÄ»ÔÄ»ÔÄ»ÔÄ»ÔÄ»ÔÄ»ÔÄ»ÔÄ»ÔÄ»ÔÄ»ÔÄ»ÔÄ»ÔÄ»ÔÄ»ÔÄ»ÔÄ»ÔÄ»ÔÄ»ÔÄ»[20/29]ÔÄ»

 FAIL  src/__tests__/UserProfilePublic.test.tsx > UserProfilePublic page > carga y muestra perfil p├║blico por ID
ReferenceError: act is not defined
 ÔØ» src/__tests__/UserProfilePublic.test.tsx:149:5
    147| 
    148|   it("carga y muestra perfil p├║blico por ID", async () => {
    149|     await act(async () => {
       |     ^
    150|       render(
    151|         <MemoryRouter>

ÔÄ»ÔÄ»ÔÄ»ÔÄ»ÔÄ»ÔÄ»ÔÄ»ÔÄ»ÔÄ»ÔÄ»ÔÄ»ÔÄ»ÔÄ»ÔÄ»ÔÄ»ÔÄ»ÔÄ»ÔÄ»ÔÄ»ÔÄ»ÔÄ»ÔÄ»[21/29]ÔÄ»

 FAIL  src/__tests__/UserProfilePublic.test.tsx > UserProfilePublic page > muestra informaci├│n del usuario
TestingLibraryElementError: Unable to find an element with the text: publicuser. This could be because the text is 
broken up by multiple elements. In this case, you can provide a function for your text matcher to make your matcher 
more flexible.

Ignored nodes: comments, script, style
[36m<body>[39m
  [36m<div>[39m
    [36m<div[39m
      [33mdata-testid[39m=[32m"layout"[39m
    [36m>[39m
      [36m<div[39m
        [33mclass[39m=[32m"user-profile"[39m
      [36m>[39m
        [36m<div[39m
          [33mclass[39m=[32m"user-photo"[39m
        [36m>[39m
          [36m<img[39m
            [33malt[39m=[32m"Foto de perfil"[39m
            [33msrc[39m=[32m"https://example.com/photo.jpg"[39m
          [36m/>[39m
        [36m</div>[39m
        [36m<div[39m
          [33mclass[39m=[32m"user-details"[39m
        [36m>[39m
          [36m<div[39m
            [33mclass[39m=[32m"user-info"[39m
          [36m>[39m
            [36m<h2>[39m
              [0mPublic User[0m
            [36m</h2>[39m
          [36m</div>[39m
          [36m<div[39m
            [33mclass[39m=[32m"user-stats"[39m
          [36m>[39m
            [36m<div[39m
              [33mclass[39m=[32m"stat"[39m
            [36m>[39m
              [36m<span[39m
                [33mclass[39m=[32m"number"[39m
              [36m>[39m
                [0m2[0m
              [36m</span>[39m
              [36m<span[39m
                [33mclass[39m=[32m"label"[39m
              [36m>[39m
                [0mSeguidors[0m
              [36m</span>[39m
            [36m</div>[39m
            [36m<div[39m
              [33mclass[39m=[32m"stat"[39m
            [36m>[39m
              [36m<span[39m
                [33mclass[39m=[32m"number"[39m
              [36m>[39m
                [0m1[0m
              [36m</span>[39m
              [36m<span[39m
                [33mclass[39m=[32m"label"[39m
              [36m>[39m
                [0mSeguits[0m
              [36m</span>[39m
            [36m</div>[39m
            [36m<div[39m
              [33mclass[39m=[32m"stat"[39m
            [36m>[39m
              [36m<span[39m
                [33mclass[39m=[32m"number"[39m
              [36m>[39m
                [0m2[0m
              [36m</span>[39m
              [36m<span[39m
                [33mclass[39m=[32m"label"[39m
              [36m>[39m
                [0mPublicacions[0m
              [36m</span>[39m
            [36m</div>[39m
          [36m</div>[39m
        [36m</div>[39m
      [36m</div>[39m
      [36m<div[39m
        [33mclass[39m=[32m"tabs-container1"[39m
      [36m>[39m
        [36m<h2[39m
          [33mclass[39m=[32m"tab-title"[39m
        [36m>[39m
          [0mRutes Publicades[0m
        [36m</h2>[39m
      [36m</div>[39m
      [36m<section[39m
        [33mclass[39m=[32m"trip-list"[39m
      [36m>[39m
        [36m<div[39m
          [33mdata-testid[39m=[32m"masonry-grid"[39m
        [36m>[39m
          [0m2[0m
          [0m items[0m
        [36m</div>[39m
      [36m</section>[39m
    [36m</div>[39m
  [36m</div>[39m
[36m</body>[39m

Ignored nodes: comments, script, style
[36m<html>[39m
  [36m<head />[39m
  [36m<body>[39m
    [36m<div>[39m
      [36m<div[39m
        [33mdata-testid[39m=[32m"layout"[39m
      [36m>[39m
        [36m<div[39m
          [33mclass[39m=[32m"user-profile"[39m
        [36m>[39m
          [36m<div[39m
            [33mclass[39m=[32m"user-photo"[39m
          [36m>[39m
            [36m<img[39m
              [33malt[39m=[32m"Foto de perfil"[39m
              [33msrc[39m=[32m"https://example.com/photo.jpg"[39m
            [36m/>[39m
          [36m</div>[39m
          [36m<div[39m
            [33mclass[39m=[32m"user-details"[39m
          [36m>[39m
            [36m<div[39m
              [33mclass[39m=[32m"user-info"[39m
            [36m>[39m
              [36m<h2>[39m
                [0mPublic User[0m
              [36m</h2>[39m
            [36m</div>[39m
            [36m<div[39m
              [33mclass[39m=[32m"user-stats"[39m
            [36m>[39m
              [36m<div[39m
                [33mclass[39m=[32m"stat"[39m
              [36m>[39m
                [36m<span[39m
                  [33mclass[39m=[32m"number"[39m
                [36m>[39m
                  [0m2[0m
                [36m</span>[39m
                [36m<span[39m
                  [33mclass[39m=[32m"label"[39m
                [36m>[39m
                  [0mSeguidors[0m
                [36m</span>[39m
              [36m</div>[39m
              [36m<div[39m
                [33mclass[39m=[32m"stat"[39m
              [36m>[39m
                [36m<span[39m
                  [33mclass[39m=[32m"number"[39m
                [36m>[39m
                  [0m1[0m
                [36m</span>[39m
                [36m<span[39m
                  [33mclass[39m=[32m"label"[39m
                [36m>[39m
                  [0mSeguits[0m
                [36m</span>[39m
              [36m</div>[39m
              [36m<div[39m
                [33mclass[39m=[32m"stat"[39m
              [36m>[39m
                [36m<span[39m
                  [33mclass[39m=[32m"number"[39m
                [36m>[39m
                  [0m2[0m
                [36m</span>[39m
                [36m<span[39m
                  [33mclass[39m=[32m"label"[39m
                [36m>[39m
                  [0mPublicacions[0m
                [36m</span>[39m
              [36m</div>[39m
            [36m</div>[39m
          [36m</div>[39m
        [36m</div>[39m
        [36m<div[39m
          [33mclass[39m=[32m"tabs-container1"[39m
        [36m>[39m
          [36m<h2[39m
            [33mclass[39m=[32m"tab-title"[39m
          [36m>[39m
            [0mRutes Publicades[0m
          [36m</h2>[39m
        [36m</div>[39m
        [36m<section[39m
          [33mclass[39m=[32m"trip-list"[39m
        [36m>[39m
          [36m<div[39m
            [33mdata-testid[39m=[32m"masonry-grid"[39m
          [36m>[39m
            [0m2[0m
            [0m items[0m
          [36m</div>[39m
        [36m</section>[39m
      [36m</div>[39m
    [36m</div>[39m
  [36m</body>[39m
[36m</html>[39m...
 ÔØ» Module.waitForWrapper node_modules/@testing-library/dom/dist/wait-for.js:163:27
 ÔØ» src/__tests__/UserProfilePublic.test.tsx:187:11
    185|     );
    186| 
    187|     await waitFor(() => {
       |           ^
    188|       expect(screen.getByText("Public User")).toBeInTheDocument();
    189|       expect(screen.getByText("publicuser")).toBeInTheDocument();

ÔÄ»ÔÄ»ÔÄ»ÔÄ»ÔÄ»ÔÄ»ÔÄ»ÔÄ»ÔÄ»ÔÄ»ÔÄ»ÔÄ»ÔÄ»ÔÄ»ÔÄ»ÔÄ»ÔÄ»ÔÄ»ÔÄ»ÔÄ»ÔÄ»ÔÄ»[22/29]ÔÄ»

 FAIL  src/__tests__/UserProfilePublic.test.tsx > UserProfilePublic page > muestra contadores
TestingLibraryElementError: Unable to find an element with the text: /20|15|3/i. This could be because the text is 
broken up by multiple elements. In this case, you can provide a function for your text matcher to make your matcher 
more flexible.

Ignored nodes: comments, script, style
[36m<body>[39m
  [36m<div>[39m
    [36m<div[39m
      [33mdata-testid[39m=[32m"layout"[39m
    [36m>[39m
      [36m<div[39m
        [33mclass[39m=[32m"user-profile"[39m
      [36m>[39m
        [36m<div[39m
          [33mclass[39m=[32m"user-photo"[39m
        [36m>[39m
          [36m<img[39m
            [33malt[39m=[32m"Foto de perfil"[39m
            [33msrc[39m=[32m"https://example.com/photo.jpg"[39m
          [36m/>[39m
        [36m</div>[39m
        [36m<div[39m
          [33mclass[39m=[32m"user-details"[39m
        [36m>[39m
          [36m<div[39m
            [33mclass[39m=[32m"user-info"[39m
          [36m>[39m
            [36m<h2>[39m
              [0mPublic User[0m
            [36m</h2>[39m
          [36m</div>[39m
          [36m<div[39m
            [33mclass[39m=[32m"user-stats"[39m
          [36m>[39m
            [36m<div[39m
              [33mclass[39m=[32m"stat"[39m
            [36m>[39m
              [36m<span[39m
                [33mclass[39m=[32m"number"[39m
              [36m>[39m
                [0m2[0m
              [36m</span>[39m
              [36m<span[39m
                [33mclass[39m=[32m"label"[39m
              [36m>[39m
                [0mSeguidors[0m
              [36m</span>[39m
            [36m</div>[39m
            [36m<div[39m
              [33mclass[39m=[32m"stat"[39m
            [36m>[39m
              [36m<span[39m
                [33mclass[39m=[32m"number"[39m
              [36m>[39m
                [0m1[0m
              [36m</span>[39m
              [36m<span[39m
                [33mclass[39m=[32m"label"[39m
              [36m>[39m
                [0mSeguits[0m
              [36m</span>[39m
            [36m</div>[39m
            [36m<div[39m
              [33mclass[39m=[32m"stat"[39m
            [36m>[39m
              [36m<span[39m
                [33mclass[39m=[32m"number"[39m
              [36m>[39m
                [0m2[0m
              [36m</span>[39m
              [36m<span[39m
                [33mclass[39m=[32m"label"[39m
              [36m>[39m
                [0mPublicacions[0m
              [36m</span>[39m
            [36m</div>[39m
          [36m</div>[39m
        [36m</div>[39m
      [36m</div>[39m
      [36m<div[39m
        [33mclass[39m=[32m"tabs-container1"[39m
      [36m>[39m
        [36m<h2[39m
          [33mclass[39m=[32m"tab-title"[39m
        [36m>[39m
          [0mRutes Publicades[0m
        [36m</h2>[39m
      [36m</div>[39m
      [36m<section[39m
        [33mclass[39m=[32m"trip-list"[39m
      [36m>[39m
        [36m<div[39m
          [33mdata-testid[39m=[32m"masonry-grid"[39m
        [36m>[39m
          [0m2[0m
          [0m items[0m
        [36m</div>[39m
      [36m</section>[39m
    [36m</div>[39m
  [36m</div>[39m
[36m</body>[39m

Ignored nodes: comments, script, style
[36m<html>[39m
  [36m<head />[39m
  [36m<body>[39m
    [36m<div>[39m
      [36m<div[39m
        [33mdata-testid[39m=[32m"layout"[39m
      [36m>[39m
        [36m<div[39m
          [33mclass[39m=[32m"user-profile"[39m
        [36m>[39m
          [36m<div[39m
            [33mclass[39m=[32m"user-photo"[39m
          [36m>[39m
            [36m<img[39m
              [33malt[39m=[32m"Foto de perfil"[39m
              [33msrc[39m=[32m"https://example.com/photo.jpg"[39m
            [36m/>[39m
          [36m</div>[39m
          [36m<div[39m
            [33mclass[39m=[32m"user-details"[39m
          [36m>[39m
            [36m<div[39m
              [33mclass[39m=[32m"user-info"[39m
            [36m>[39m
              [36m<h2>[39m
                [0mPublic User[0m
              [36m</h2>[39m
            [36m</div>[39m
            [36m<div[39m
              [33mclass[39m=[32m"user-stats"[39m
            [36m>[39m
              [36m<div[39m
                [33mclass[39m=[32m"stat"[39m
              [36m>[39m
                [36m<span[39m
                  [33mclass[39m=[32m"number"[39m
                [36m>[39m
                  [0m2[0m
                [36m</span>[39m
                [36m<span[39m
                  [33mclass[39m=[32m"label"[39m
                [36m>[39m
                  [0mSeguidors[0m
                [36m</span>[39m
              [36m</div>[39m
              [36m<div[39m
                [33mclass[39m=[32m"stat"[39m
              [36m>[39m
                [36m<span[39m
                  [33mclass[39m=[32m"number"[39m
                [36m>[39m
                  [0m1[0m
                [36m</span>[39m
                [36m<span[39m
                  [33mclass[39m=[32m"label"[39m
                [36m>[39m
                  [0mSeguits[0m
                [36m</span>[39m
              [36m</div>[39m
              [36m<div[39m
                [33mclass[39m=[32m"stat"[39m
              [36m>[39m
                [36m<span[39m
                  [33mclass[39m=[32m"number"[39m
                [36m>[39m
                  [0m2[0m
                [36m</span>[39m
                [36m<span[39m
                  [33mclass[39m=[32m"label"[39m
                [36m>[39m
                  [0mPublicacions[0m
                [36m</span>[39m
              [36m</div>[39m
            [36m</div>[39m
          [36m</div>[39m
        [36m</div>[39m
        [36m<div[39m
          [33mclass[39m=[32m"tabs-container1"[39m
        [36m>[39m
          [36m<h2[39m
            [33mclass[39m=[32m"tab-title"[39m
          [36m>[39m
            [0mRutes Publicades[0m
          [36m</h2>[39m
        [36m</div>[39m
        [36m<section[39m
          [33mclass[39m=[32m"trip-list"[39m
        [36m>[39m
          [36m<div[39m
            [33mdata-testid[39m=[32m"masonry-grid"[39m
          [36m>[39m
            [0m2[0m
            [0m items[0m
          [36m</div>[39m
        [36m</section>[39m
      [36m</div>[39m
    [36m</div>[39m
  [36m</body>[39m
[36m</html>[39m...
 ÔØ» Module.waitForWrapper node_modules/@testing-library/dom/dist/wait-for.js:163:27
 ÔØ» src/__tests__/UserProfilePublic.test.tsx:200:11
    198|     );
    199| 
    200|     await waitFor(() => {
       |           ^
    201|       // Buscar n├║meros de seguidores/seguidos/publicaciones
    202|       const text = screen.getByText(/20|15|3/i);

ÔÄ»ÔÄ»ÔÄ»ÔÄ»ÔÄ»ÔÄ»ÔÄ»ÔÄ»ÔÄ»ÔÄ»ÔÄ»ÔÄ»ÔÄ»ÔÄ»ÔÄ»ÔÄ»ÔÄ»ÔÄ»ÔÄ»ÔÄ»ÔÄ»ÔÄ»[23/29]ÔÄ»

 FAIL  src/__tests__/UserProfilePublic.test.tsx > UserProfilePublic page > abre modal de lista de seguidos
TestingLibraryElementError: Unable to find an accessible element with the role "button"

Here are the accessible roles:

  img:

  Name "Foto de perfil":
  [36m<img[39m
    [33malt[39m=[32m"Foto de perfil"[39m
    [33msrc[39m=[32m"https://example.com/photo.jpg"[39m
  [36m/>[39m

  --------------------------------------------------
  heading:

  Name "Public User":
  [36m<h2 />[39m

  Name "Rutes Publicades":
  [36m<h2[39m
    [33mclass[39m=[32m"tab-title"[39m
  [36m/>[39m

  --------------------------------------------------

Ignored nodes: comments, script, style
[36m<body>[39m
  [36m<div>[39m
    [36m<div[39m
      [33mdata-testid[39m=[32m"layout"[39m
    [36m>[39m
      [36m<div[39m
        [33mclass[39m=[32m"user-profile"[39m
      [36m>[39m
        [36m<div[39m
          [33mclass[39m=[32m"user-photo"[39m
        [36m>[39m
          [36m<img[39m
            [33malt[39m=[32m"Foto de perfil"[39m
            [33msrc[39m=[32m"https://example.com/photo.jpg"[39m
          [36m/>[39m
        [36m</div>[39m
        [36m<div[39m
          [33mclass[39m=[32m"user-details"[39m
        [36m>[39m
          [36m<div[39m
            [33mclass[39m=[32m"user-info"[39m
          [36m>[39m
            [36m<h2>[39m
              [0mPublic User[0m
            [36m</h2>[39m
          [36m</div>[39m
          [36m<div[39m
            [33mclass[39m=[32m"user-stats"[39m
          [36m>[39m
            [36m<div[39m
              [33mclass[39m=[32m"stat"[39m
            [36m>[39m
              [36m<span[39m
                [33mclass[39m=[32m"number"[39m
              [36m>[39m
                [0m2[0m
              [36m</span>[39m
              [36m<span[39m
                [33mclass[39m=[32m"label"[39m
              [36m>[39m
                [0mSeguidors[0m
              [36m</span>[39m
            [36m</div>[39m
            [36m<div[39m
              [33mclass[39m=[32m"stat"[39m
            [36m>[39m
              [36m<span[39m
                [33mclass[39m=[32m"number"[39m
              [36m>[39m
                [0m1[0m
              [36m</span>[39m
              [36m<span[39m
                [33mclass[39m=[32m"label"[39m
              [36m>[39m
                [0mSeguits[0m
              [36m</span>[39m
            [36m</div>[39m
            [36m<div[39m
              [33mclass[39m=[32m"stat"[39m
            [36m>[39m
              [36m<span[39m
                [33mclass[39m=[32m"number"[39m
              [36m>[39m
                [0m2[0m
              [36m</span>[39m
              [36m<span[39m
                [33mclass[39m=[32m"label"[39m
              [36m>[39m
                [0mPublicacions[0m
              [36m</span>[39m
            [36m</div>[39m
          [36m</div>[39m
        [36m</div>[39m
      [36m</div>[39m
      [36m<div[39m
        [33mclass[39m=[32m"tabs-container1"[39m
      [36m>[39m
        [36m<h2[39m
          [33mclass[39m=[32m"tab-title"[39m
        [36m>[39m
          [0mRutes Publicades[0m
        [36m</h2>[39m
      [36m</div>[39m
      [36m<section[39m
        [33mclass[39m=[32m"trip-list"[39m
      [36m>[39m
        [36m<div[39m
          [33mdata-testid[39m=[32m"masonry-grid"[39m
        [36m>[39m
          [0m2[0m
          [0m items[0m
        [36m</div>[39m
      [36m</section>[39m
    [36m</div>[39m
  [36m</div>[39m
[36m</body>[39m
 ÔØ» Object.getElementError node_modules/@testing-library/dom/dist/config.js:37:19
 ÔØ» node_modules/@testing-library/dom/dist/query-helpers.js:76:38
 ÔØ» node_modules/@testing-library/dom/dist/query-helpers.js:109:15
 ÔØ» src/__tests__/UserProfilePublic.test.tsx:236:36
    234| 
    235|     // Buscar bot├│n de seguidos
    236|     const seguidosButtons = screen.getAllByRole("button").filter((btn)ÔÇª
       |                                    ^
    237|       btn.textContent?.match(/seguits|seguidos|following/i)
    238|     );

ÔÄ»ÔÄ»ÔÄ»ÔÄ»ÔÄ»ÔÄ»ÔÄ»ÔÄ»ÔÄ»ÔÄ»ÔÄ»ÔÄ»ÔÄ»ÔÄ»ÔÄ»ÔÄ»ÔÄ»ÔÄ»ÔÄ»ÔÄ»ÔÄ»ÔÄ»[24/29]ÔÄ»

 FAIL  src/__tests__/UserProfilePublic.test.tsx > UserProfilePublic page > abre modal de lista de seguidores
TestingLibraryElementError: Unable to find an accessible element with the role "button"

Here are the accessible roles:

  img:

  Name "Foto de perfil":
  [36m<img[39m
    [33malt[39m=[32m"Foto de perfil"[39m
    [33msrc[39m=[32m"https://example.com/photo.jpg"[39m
  [36m/>[39m

  --------------------------------------------------
  heading:

  Name "Public User":
  [36m<h2 />[39m

  Name "Rutes Publicades":
  [36m<h2[39m
    [33mclass[39m=[32m"tab-title"[39m
  [36m/>[39m

  --------------------------------------------------

Ignored nodes: comments, script, style
[36m<body>[39m
  [36m<div>[39m
    [36m<div[39m
      [33mdata-testid[39m=[32m"layout"[39m
    [36m>[39m
      [36m<div[39m
        [33mclass[39m=[32m"user-profile"[39m
      [36m>[39m
        [36m<div[39m
          [33mclass[39m=[32m"user-photo"[39m
        [36m>[39m
          [36m<img[39m
            [33malt[39m=[32m"Foto de perfil"[39m
            [33msrc[39m=[32m"https://example.com/photo.jpg"[39m
          [36m/>[39m
        [36m</div>[39m
        [36m<div[39m
          [33mclass[39m=[32m"user-details"[39m
        [36m>[39m
          [36m<div[39m
            [33mclass[39m=[32m"user-info"[39m
          [36m>[39m
            [36m<h2>[39m
              [0mPublic User[0m
            [36m</h2>[39m
          [36m</div>[39m
          [36m<div[39m
            [33mclass[39m=[32m"user-stats"[39m
          [36m>[39m
            [36m<div[39m
              [33mclass[39m=[32m"stat"[39m
            [36m>[39m
              [36m<span[39m
                [33mclass[39m=[32m"number"[39m
              [36m>[39m
                [0m2[0m
              [36m</span>[39m
              [36m<span[39m
                [33mclass[39m=[32m"label"[39m
              [36m>[39m
                [0mSeguidors[0m
              [36m</span>[39m
            [36m</div>[39m
            [36m<div[39m
              [33mclass[39m=[32m"stat"[39m
            [36m>[39m
              [36m<span[39m
                [33mclass[39m=[32m"number"[39m
              [36m>[39m
                [0m1[0m
              [36m</span>[39m
              [36m<span[39m
                [33mclass[39m=[32m"label"[39m
              [36m>[39m
                [0mSeguits[0m
              [36m</span>[39m
            [36m</div>[39m
            [36m<div[39m
              [33mclass[39m=[32m"stat"[39m
            [36m>[39m
              [36m<span[39m
                [33mclass[39m=[32m"number"[39m
              [36m>[39m
                [0m2[0m
              [36m</span>[39m
              [36m<span[39m
                [33mclass[39m=[32m"label"[39m
              [36m>[39m
                [0mPublicacions[0m
              [36m</span>[39m
            [36m</div>[39m
          [36m</div>[39m
        [36m</div>[39m
      [36m</div>[39m
      [36m<div[39m
        [33mclass[39m=[32m"tabs-container1"[39m
      [36m>[39m
        [36m<h2[39m
          [33mclass[39m=[32m"tab-title"[39m
        [36m>[39m
          [0mRutes Publicades[0m
        [36m</h2>[39m
      [36m</div>[39m
      [36m<section[39m
        [33mclass[39m=[32m"trip-list"[39m
      [36m>[39m
        [36m<div[39m
          [33mdata-testid[39m=[32m"masonry-grid"[39m
        [36m>[39m
          [0m2[0m
          [0m items[0m
        [36m</div>[39m
      [36m</section>[39m
    [36m</div>[39m
  [36m</div>[39m
[36m</body>[39m
 ÔØ» Object.getElementError node_modules/@testing-library/dom/dist/config.js:37:19
 ÔØ» node_modules/@testing-library/dom/dist/query-helpers.js:76:38
 ÔØ» node_modules/@testing-library/dom/dist/query-helpers.js:109:15
 ÔØ» src/__tests__/UserProfilePublic.test.tsx:261:38
    259| 
    260|     // Buscar bot├│n de seguidores
    261|     const seguidoresButtons = screen.getAllByRole("button").filter((btÔÇª
       |                                      ^
    262|       btn.textContent?.match(/seguidors|seguidores|followers/i)
    263|     );

ÔÄ»ÔÄ»ÔÄ»ÔÄ»ÔÄ»ÔÄ»ÔÄ»ÔÄ»ÔÄ»ÔÄ»ÔÄ»ÔÄ»ÔÄ»ÔÄ»ÔÄ»ÔÄ»ÔÄ»ÔÄ»ÔÄ»ÔÄ»ÔÄ»ÔÄ»[25/29]ÔÄ»

 FAIL  src/__tests__/UserProfilePublic.test.tsx > UserProfilePublic page > muestra bot├│n seguir si no est├í siguiendo
TestingLibraryElementError: Unable to find an accessible element with the role "button"

Here are the accessible roles:

  img:

  Name "Foto de perfil":
  [36m<img[39m
    [33malt[39m=[32m"Foto de perfil"[39m
    [33msrc[39m=[32m"https://example.com/photo.jpg"[39m
  [36m/>[39m

  --------------------------------------------------
  heading:

  Name "Public User":
  [36m<h2 />[39m

  Name "Rutes Publicades":
  [36m<h2[39m
    [33mclass[39m=[32m"tab-title"[39m
  [36m/>[39m

  --------------------------------------------------

Ignored nodes: comments, script, style
[36m<body>[39m
  [36m<div>[39m
    [36m<div[39m
      [33mdata-testid[39m=[32m"layout"[39m
    [36m>[39m
      [36m<div[39m
        [33mclass[39m=[32m"user-profile"[39m
      [36m>[39m
        [36m<div[39m
          [33mclass[39m=[32m"user-photo"[39m
        [36m>[39m
          [36m<img[39m
            [33malt[39m=[32m"Foto de perfil"[39m
            [33msrc[39m=[32m"https://example.com/photo.jpg"[39m
          [36m/>[39m
        [36m</div>[39m
        [36m<div[39m
          [33mclass[39m=[32m"user-details"[39m
        [36m>[39m
          [36m<div[39m
            [33mclass[39m=[32m"user-info"[39m
          [36m>[39m
            [36m<h2>[39m
              [0mPublic User[0m
            [36m</h2>[39m
          [36m</div>[39m
          [36m<div[39m
            [33mclass[39m=[32m"user-stats"[39m
          [36m>[39m
            [36m<div[39m
              [33mclass[39m=[32m"stat"[39m
            [36m>[39m
              [36m<span[39m
                [33mclass[39m=[32m"number"[39m
              [36m>[39m
                [0m0[0m
              [36m</span>[39m
              [36m<span[39m
                [33mclass[39m=[32m"label"[39m
              [36m>[39m
                [0mSeguidors[0m
              [36m</span>[39m
            [36m</div>[39m
            [36m<div[39m
              [33mclass[39m=[32m"stat"[39m
            [36m>[39m
              [36m<span[39m
                [33mclass[39m=[32m"number"[39m
              [36m>[39m
                [0m1[0m
              [36m</span>[39m
              [36m<span[39m
                [33mclass[39m=[32m"label"[39m
              [36m>[39m
                [0mSeguits[0m
              [36m</span>[39m
            [36m</div>[39m
            [36m<div[39m
              [33mclass[39m=[32m"stat"[39m
            [36m>[39m
              [36m<span[39m
                [33mclass[39m=[32m"number"[39m
              [36m>[39m
                [0m2[0m
              [36m</span>[39m
              [36m<span[39m
                [33mclass[39m=[32m"label"[39m
              [36m>[39m
                [0mPublicacions[0m
              [36m</span>[39m
            [36m</div>[39m
          [36m</div>[39m
        [36m</div>[39m
      [36m</div>[39m
      [36m<div[39m
        [33mclass[39m=[32m"tabs-container1"[39m
      [36m>[39m
        [36m<h2[39m
          [33mclass[39m=[32m"tab-title"[39m
        [36m>[39m
          [0mRutes Publicades[0m
        [36m</h2>[39m
      [36m</div>[39m
      [36m<section[39m
        [33mclass[39m=[32m"trip-list"[39m
      [36m>[39m
        [36m<div[39m
          [33mdata-testid[39m=[32m"masonry-grid"[39m
        [36m>[39m
          [0m2[0m
          [0m items[0m
        [36m</div>[39m
      [36m</section>[39m
    [36m</div>[39m
  [36m</div>[39m
[36m</body>[39m
 ÔØ» Object.getElementError node_modules/@testing-library/dom/dist/config.js:37:19
 ÔØ» node_modules/@testing-library/dom/dist/query-helpers.js:76:38
 ÔØ» node_modules/@testing-library/dom/dist/query-helpers.js:109:15
 ÔØ» src/__tests__/UserProfilePublic.test.tsx:300:34
    298| 
    299|     // Buscar bot├│n de seguir
    300|     const followButtons = screen.getAllByRole("button").filter((btn) =>
       |                                  ^
    301|       btn.textContent?.match(/seguir|follow/i)
    302|     );

ÔÄ»ÔÄ»ÔÄ»ÔÄ»ÔÄ»ÔÄ»ÔÄ»ÔÄ»ÔÄ»ÔÄ»ÔÄ»ÔÄ»ÔÄ»ÔÄ»ÔÄ»ÔÄ»ÔÄ»ÔÄ»ÔÄ»ÔÄ»ÔÄ»ÔÄ»[26/29]ÔÄ»

 FAIL  src/__tests__/UserProfilePublic.test.tsx > UserProfilePublic page > sigue a usuario correctamente
TestingLibraryElementError: Unable to find an accessible element with the role "button"

Here are the accessible roles:

  img:

  Name "Foto de perfil":
  [36m<img[39m
    [33malt[39m=[32m"Foto de perfil"[39m
    [33msrc[39m=[32m"https://example.com/photo.jpg"[39m
  [36m/>[39m

  --------------------------------------------------
  heading:

  Name "Public User":
  [36m<h2 />[39m

  Name "Rutes Publicades":
  [36m<h2[39m
    [33mclass[39m=[32m"tab-title"[39m
  [36m/>[39m

  --------------------------------------------------

Ignored nodes: comments, script, style
[36m<body>[39m
  [36m<div>[39m
    [36m<div[39m
      [33mdata-testid[39m=[32m"layout"[39m
    [36m>[39m
      [36m<div[39m
        [33mclass[39m=[32m"user-profile"[39m
      [36m>[39m
        [36m<div[39m
          [33mclass[39m=[32m"user-photo"[39m
        [36m>[39m
          [36m<img[39m
            [33malt[39m=[32m"Foto de perfil"[39m
            [33msrc[39m=[32m"https://example.com/photo.jpg"[39m
          [36m/>[39m
        [36m</div>[39m
        [36m<div[39m
          [33mclass[39m=[32m"user-details"[39m
        [36m>[39m
          [36m<div[39m
            [33mclass[39m=[32m"user-info"[39m
          [36m>[39m
            [36m<h2>[39m
              [0mPublic User[0m
            [36m</h2>[39m
          [36m</div>[39m
          [36m<div[39m
            [33mclass[39m=[32m"user-stats"[39m
          [36m>[39m
            [36m<div[39m
              [33mclass[39m=[32m"stat"[39m
            [36m>[39m
              [36m<span[39m
                [33mclass[39m=[32m"number"[39m
              [36m>[39m
                [0m0[0m
              [36m</span>[39m
              [36m<span[39m
                [33mclass[39m=[32m"label"[39m
              [36m>[39m
                [0mSeguidors[0m
              [36m</span>[39m
            [36m</div>[39m
            [36m<div[39m
              [33mclass[39m=[32m"stat"[39m
            [36m>[39m
              [36m<span[39m
                [33mclass[39m=[32m"number"[39m
              [36m>[39m
                [0m1[0m
              [36m</span>[39m
              [36m<span[39m
                [33mclass[39m=[32m"label"[39m
              [36m>[39m
                [0mSeguits[0m
              [36m</span>[39m
            [36m</div>[39m
            [36m<div[39m
              [33mclass[39m=[32m"stat"[39m
            [36m>[39m
              [36m<span[39m
                [33mclass[39m=[32m"number"[39m
              [36m>[39m
                [0m2[0m
              [36m</span>[39m
              [36m<span[39m
                [33mclass[39m=[32m"label"[39m
              [36m>[39m
                [0mPublicacions[0m
              [36m</span>[39m
            [36m</div>[39m
          [36m</div>[39m
        [36m</div>[39m
      [36m</div>[39m
      [36m<div[39m
        [33mclass[39m=[32m"tabs-container1"[39m
      [36m>[39m
        [36m<h2[39m
          [33mclass[39m=[32m"tab-title"[39m
        [36m>[39m
          [0mRutes Publicades[0m
        [36m</h2>[39m
      [36m</div>[39m
      [36m<section[39m
        [33mclass[39m=[32m"trip-list"[39m
      [36m>[39m
        [36m<div[39m
          [33mdata-testid[39m=[32m"masonry-grid"[39m
        [36m>[39m
          [0m2[0m
          [0m items[0m
        [36m</div>[39m
      [36m</section>[39m
    [36m</div>[39m
  [36m</div>[39m
[36m</body>[39m
 ÔØ» Object.getElementError node_modules/@testing-library/dom/dist/config.js:37:19
 ÔØ» node_modules/@testing-library/dom/dist/query-helpers.js:76:38
 ÔØ» node_modules/@testing-library/dom/dist/query-helpers.js:109:15
 ÔØ» src/__tests__/UserProfilePublic.test.tsx:334:34
    332|     });
    333| 
    334|     const followButtons = screen.getAllByRole("button").filter((btn) =>
       |                                  ^
    335|       btn.textContent?.match(/seguir|follow/i)
    336|     );

ÔÄ»ÔÄ»ÔÄ»ÔÄ»ÔÄ»ÔÄ»ÔÄ»ÔÄ»ÔÄ»ÔÄ»ÔÄ»ÔÄ»ÔÄ»ÔÄ»ÔÄ»ÔÄ»ÔÄ»ÔÄ»ÔÄ»ÔÄ»ÔÄ»ÔÄ»[27/29]ÔÄ»

 FAIL  src/__tests__/UserProfilePublic.test.tsx > UserProfilePublic page > muestra bot├│n dejar de seguir si est├í 
siguiendo
TestingLibraryElementError: Unable to find an accessible element with the role "button"

Here are the accessible roles:

  img:

  Name "Foto de perfil":
  [36m<img[39m
    [33malt[39m=[32m"Foto de perfil"[39m
    [33msrc[39m=[32m"https://example.com/photo.jpg"[39m
  [36m/>[39m

  --------------------------------------------------
  heading:

  Name "Public User":
  [36m<h2 />[39m

  Name "Rutes Publicades":
  [36m<h2[39m
    [33mclass[39m=[32m"tab-title"[39m
  [36m/>[39m

  --------------------------------------------------

Ignored nodes: comments, script, style
[36m<body>[39m
  [36m<div>[39m
    [36m<div[39m
      [33mdata-testid[39m=[32m"layout"[39m
    [36m>[39m
      [36m<div[39m
        [33mclass[39m=[32m"user-profile"[39m
      [36m>[39m
        [36m<div[39m
          [33mclass[39m=[32m"user-photo"[39m
        [36m>[39m
          [36m<img[39m
            [33malt[39m=[32m"Foto de perfil"[39m
            [33msrc[39m=[32m"https://example.com/photo.jpg"[39m
          [36m/>[39m
        [36m</div>[39m
        [36m<div[39m
          [33mclass[39m=[32m"user-details"[39m
        [36m>[39m
          [36m<div[39m
            [33mclass[39m=[32m"user-info"[39m
          [36m>[39m
            [36m<h2>[39m
              [0mPublic User[0m
            [36m</h2>[39m
          [36m</div>[39m
          [36m<div[39m
            [33mclass[39m=[32m"user-stats"[39m
          [36m>[39m
            [36m<div[39m
              [33mclass[39m=[32m"stat"[39m
            [36m>[39m
              [36m<span[39m
                [33mclass[39m=[32m"number"[39m
              [36m>[39m
                [0m1[0m
              [36m</span>[39m
              [36m<span[39m
                [33mclass[39m=[32m"label"[39m
              [36m>[39m
                [0mSeguidors[0m
              [36m</span>[39m
            [36m</div>[39m
            [36m<div[39m
              [33mclass[39m=[32m"stat"[39m
            [36m>[39m
              [36m<span[39m
                [33mclass[39m=[32m"number"[39m
              [36m>[39m
                [0m1[0m
              [36m</span>[39m
 Test Files  4 failed | 9 passed (13)
      Tests  29 failed | 38 passed (67)
   Start at  23:14:39
   Duration  14.57s (transform 2.11s, setup 280ms, collect 7.75s, tests 27.78s, environment 12.24s, prepare 1.70s)

 FAIL  Tests failed. Watching for file changes...
       press h to show help, press q to quit
              [36m<span[39m
                [33mclass[39m=[32m"label"[39m
              [36m>[39m
                [0mSeguits[0m
              [36m</span>[39m
            [36m</div>[39m
            [36m<div[39m
              [33mclass[39m=[32m"stat"[39m
            [36m>[39m
              [36m<span[39m
                [33mclass[39m=[32m"number"[39m
              [36m>[39m
                [0m2[0m
              [36m</span>[39m
              [36m<span[39m
                [33mclass[39m=[32m"label"[39m
              [36m>[39m
                [0mPublicacions[0m
              [36m</span>[39m
            [36m</div>[39m
          [36m</div>[39m
        [36m</div>[39m
      [36m</div>[39m
      [36m<div[39m
        [33mclass[39m=[32m"tabs-container1"[39m
      [36m>[39m
        [36m<h2[39m
          [33mclass[39m=[32m"tab-title"[39m
        [36m>[39m
          [0mRutes Publicades[0m
        [36m</h2>[39m
      [36m</div>[39m
      [36m<section[39m
        [33mclass[39m=[32m"trip-list"[39m
      [36m>[39m
        [36m<div[39m
          [33mdata-testid[39m=[32m"masonry-grid"[39m
        [36m>[39m
          [0m2[0m
          [0m items[0m
        [36m</div>[39m
      [36m</section>[39m
    [36m</div>[39m
  [36m</div>[39m
[36m</body>[39m
 ÔØ» Object.getElementError node_modules/@testing-library/dom/dist/config.js:37:19
 ÔØ» node_modules/@testing-library/dom/dist/query-helpers.js:76:38
 ÔØ» node_modules/@testing-library/dom/dist/query-helpers.js:109:15
 ÔØ» src/__tests__/UserProfilePublic.test.tsx:373:36
    371| 
    372|     // Buscar bot├│n de dejar de seguir
    373|     const unfollowButtons = screen.getAllByRole("button").filter((btn)ÔÇª
       |                                    ^
    374|       btn.textContent?.match(/deixar de seguir|unfollow|dejar de seguiÔÇª
    375|     );

ÔÄ»ÔÄ»ÔÄ»ÔÄ»ÔÄ»ÔÄ»ÔÄ»ÔÄ»ÔÄ»ÔÄ»ÔÄ»ÔÄ»ÔÄ»ÔÄ»ÔÄ»ÔÄ»ÔÄ»ÔÄ»ÔÄ»ÔÄ»ÔÄ»ÔÄ»[28/29]ÔÄ»

 FAIL  src/__tests__/UserProfilePublic.test.tsx > UserProfilePublic page > deja de seguir a usuario correctamente
TestingLibraryElementError: Unable to find an accessible element with the role "button"

Here are the accessible roles:

  img:

  Name "Foto de perfil":
  [36m<img[39m
    [33malt[39m=[32m"Foto de perfil"[39m
    [33msrc[39m=[32m"https://example.com/photo.jpg"[39m
  [36m/>[39m

  --------------------------------------------------
  heading:

  Name "Public User":
  [36m<h2 />[39m

  Name "Rutes Publicades":
  [36m<h2[39m
    [33mclass[39m=[32m"tab-title"[39m
  [36m/>[39m

  --------------------------------------------------

Ignored nodes: comments, script, style
[36m<body>[39m
  [36m<div>[39m
    [36m<div[39m
      [33mdata-testid[39m=[32m"layout"[39m
    [36m>[39m
      [36m<div[39m
        [33mclass[39m=[32m"user-profile"[39m
      [36m>[39m
        [36m<div[39m
          [33mclass[39m=[32m"user-photo"[39m
        [36m>[39m
          [36m<img[39m
            [33malt[39m=[32m"Foto de perfil"[39m
            [33msrc[39m=[32m"https://example.com/photo.jpg"[39m
          [36m/>[39m
        [36m</div>[39m
        [36m<div[39m
          [33mclass[39m=[32m"user-details"[39m
        [36m>[39m
          [36m<div[39m
            [33mclass[39m=[32m"user-info"[39m
          [36m>[39m
            [36m<h2>[39m
              [0mPublic User[0m
            [36m</h2>[39m
          [36m</div>[39m
          [36m<div[39m
            [33mclass[39m=[32m"user-stats"[39m
          [36m>[39m
            [36m<div[39m
              [33mclass[39m=[32m"stat"[39m
            [36m>[39m
              [36m<span[39m
                [33mclass[39m=[32m"number"[39m
              [36m>[39m
                [0m1[0m
              [36m</span>[39m
              [36m<span[39m
                [33mclass[39m=[32m"label"[39m
              [36m>[39m
                [0mSeguidors[0m
              [36m</span>[39m
            [36m</div>[39m
            [36m<div[39m
              [33mclass[39m=[32m"stat"[39m
            [36m>[39m
              [36m<span[39m
                [33mclass[39m=[32m"number"[39m
              [36m>[39m
                [0m1[0m
              [36m</span>[39m
              [36m<span[39m
                [33mclass[39m=[32m"label"[39m
              [36m>[39m
                [0mSeguits[0m
              [36m</span>[39m
            [36m</div>[39m
            [36m<div[39m
              [33mclass[39m=[32m"stat"[39m
            [36m>[39m
              [36m<span[39m
                [33mclass[39m=[32m"number"[39m
              [36m>[39m
                [0m2[0m
              [36m</span>[39m
              [36m<span[39m
                [33mclass[39m=[32m"label"[39m
              [36m>[39m
                [0mPublicacions[0m
              [36m</span>[39m
            [36m</div>[39m
          [36m</div>[39m
        [36m</div>[39m
      [36m</div>[39m
      [36m<div[39m
        [33mclass[39m=[32m"tabs-container1"[39m
      [36m>[39m
        [36m<h2[39m
          [33mclass[39m=[32m"tab-title"[39m
        [36m>[39m
          [0mRutes Publicades[0m
        [36m</h2>[39m
      [36m</div>[39m
      [36m<section[39m
        [33mclass[39m=[32m"trip-list"[39m
      [36m>[39m
        [36m<div[39m
          [33mdata-testid[39m=[32m"masonry-grid"[39m
        [36m>[39m
          [0m2[0m
          [0m items[0m
        [36m</div>[39m
      [36m</section>[39m
    [36m</div>[39m
  [36m</div>[39m
[36m</body>[39m
 ÔØ» Object.getElementError node_modules/@testing-library/dom/dist/config.js:37:19
 ÔØ» node_modules/@testing-library/dom/dist/query-helpers.js:76:38
 ÔØ» node_modules/@testing-library/dom/dist/query-helpers.js:109:15
 ÔØ» src/__tests__/UserProfilePublic.test.tsx:407:36
    405|     });
    406| 
    407|     const unfollowButtons = screen.getAllByRole("button").filter((btn)ÔÇª
       |                                    ^
    408|       btn.textContent?.match(/deixar de seguir|unfollow|dejar de seguiÔÇª
    409|     );

ÔÄ»ÔÄ»ÔÄ»ÔÄ»ÔÄ»ÔÄ»ÔÄ»ÔÄ»ÔÄ»ÔÄ»ÔÄ»ÔÄ»ÔÄ»ÔÄ»ÔÄ»ÔÄ»ÔÄ»ÔÄ»ÔÄ»ÔÄ»ÔÄ»ÔÄ»[29/29]ÔÄ»

